Archive member included to satisfy reference by file (symbol)

/opt/st/stm32cubeide_1.9.0/plugins/com.st.stm32cube.ide.mcu.externaltools.gnu-tools-for-stm32.10.3-2021.10.linux64_1.0.0.202111181127/tools/bin/../lib/gcc/arm-none-eabi/10.3.1/../../../../arm-none-eabi/lib/thumb/v7-m/nofp/libc_nano.a(lib_a-errno.o)
                              ./Core/Src/syscalls.o (__errno)
/opt/st/stm32cubeide_1.9.0/plugins/com.st.stm32cube.ide.mcu.externaltools.gnu-tools-for-stm32.10.3-2021.10.linux64_1.0.0.202111181127/tools/bin/../lib/gcc/arm-none-eabi/10.3.1/../../../../arm-none-eabi/lib/thumb/v7-m/nofp/libc_nano.a(lib_a-exit.o)
                              /opt/st/stm32cubeide_1.9.0/plugins/com.st.stm32cube.ide.mcu.externaltools.gnu-tools-for-stm32.10.3-2021.10.linux64_1.0.0.202111181127/tools/bin/../lib/gcc/arm-none-eabi/10.3.1/../../../../arm-none-eabi/lib/thumb/v7-m/nofp/crt0.o (exit)
/opt/st/stm32cubeide_1.9.0/plugins/com.st.stm32cube.ide.mcu.externaltools.gnu-tools-for-stm32.10.3-2021.10.linux64_1.0.0.202111181127/tools/bin/../lib/gcc/arm-none-eabi/10.3.1/../../../../arm-none-eabi/lib/thumb/v7-m/nofp/libc_nano.a(lib_a-impure.o)
                              /opt/st/stm32cubeide_1.9.0/plugins/com.st.stm32cube.ide.mcu.externaltools.gnu-tools-for-stm32.10.3-2021.10.linux64_1.0.0.202111181127/tools/bin/../lib/gcc/arm-none-eabi/10.3.1/../../../../arm-none-eabi/lib/thumb/v7-m/nofp/libc_nano.a(lib_a-exit.o) (_global_impure_ptr)
/opt/st/stm32cubeide_1.9.0/plugins/com.st.stm32cube.ide.mcu.externaltools.gnu-tools-for-stm32.10.3-2021.10.linux64_1.0.0.202111181127/tools/bin/../lib/gcc/arm-none-eabi/10.3.1/../../../../arm-none-eabi/lib/thumb/v7-m/nofp/libc_nano.a(lib_a-init.o)
                              /opt/st/stm32cubeide_1.9.0/plugins/com.st.stm32cube.ide.mcu.externaltools.gnu-tools-for-stm32.10.3-2021.10.linux64_1.0.0.202111181127/tools/bin/../lib/gcc/arm-none-eabi/10.3.1/../../../../arm-none-eabi/lib/thumb/v7-m/nofp/crt0.o (__libc_init_array)
/opt/st/stm32cubeide_1.9.0/plugins/com.st.stm32cube.ide.mcu.externaltools.gnu-tools-for-stm32.10.3-2021.10.linux64_1.0.0.202111181127/tools/bin/../lib/gcc/arm-none-eabi/10.3.1/../../../../arm-none-eabi/lib/thumb/v7-m/nofp/libc_nano.a(lib_a-memset.o)
                              /opt/st/stm32cubeide_1.9.0/plugins/com.st.stm32cube.ide.mcu.externaltools.gnu-tools-for-stm32.10.3-2021.10.linux64_1.0.0.202111181127/tools/bin/../lib/gcc/arm-none-eabi/10.3.1/../../../../arm-none-eabi/lib/thumb/v7-m/nofp/crt0.o (memset)
/opt/st/stm32cubeide_1.9.0/plugins/com.st.stm32cube.ide.mcu.externaltools.gnu-tools-for-stm32.10.3-2021.10.linux64_1.0.0.202111181127/tools/bin/../lib/gcc/arm-none-eabi/10.3.1/../../../../arm-none-eabi/lib/thumb/v7-m/nofp/libc_nano.a(lib_a-snprintf.o)
                              ./Core/Src/s_monitor.o (snprintf)
/opt/st/stm32cubeide_1.9.0/plugins/com.st.stm32cube.ide.mcu.externaltools.gnu-tools-for-stm32.10.3-2021.10.linux64_1.0.0.202111181127/tools/bin/../lib/gcc/arm-none-eabi/10.3.1/../../../../arm-none-eabi/lib/thumb/v7-m/nofp/libc_nano.a(lib_a-strlen.o)
                              ./Core/Src/s_monitor.o (strlen)
/opt/st/stm32cubeide_1.9.0/plugins/com.st.stm32cube.ide.mcu.externaltools.gnu-tools-for-stm32.10.3-2021.10.linux64_1.0.0.202111181127/tools/bin/../lib/gcc/arm-none-eabi/10.3.1/../../../../arm-none-eabi/lib/thumb/v7-m/nofp/libc_nano.a(lib_a-strncmp.o)
                              ./Core/Src/s_monitor.o (strncmp)
/opt/st/stm32cubeide_1.9.0/plugins/com.st.stm32cube.ide.mcu.externaltools.gnu-tools-for-stm32.10.3-2021.10.linux64_1.0.0.202111181127/tools/bin/../lib/gcc/arm-none-eabi/10.3.1/../../../../arm-none-eabi/lib/thumb/v7-m/nofp/libc_nano.a(lib_a-nano-svfprintf.o)
                              /opt/st/stm32cubeide_1.9.0/plugins/com.st.stm32cube.ide.mcu.externaltools.gnu-tools-for-stm32.10.3-2021.10.linux64_1.0.0.202111181127/tools/bin/../lib/gcc/arm-none-eabi/10.3.1/../../../../arm-none-eabi/lib/thumb/v7-m/nofp/libc_nano.a(lib_a-snprintf.o) (_svfprintf_r)
/opt/st/stm32cubeide_1.9.0/plugins/com.st.stm32cube.ide.mcu.externaltools.gnu-tools-for-stm32.10.3-2021.10.linux64_1.0.0.202111181127/tools/bin/../lib/gcc/arm-none-eabi/10.3.1/../../../../arm-none-eabi/lib/thumb/v7-m/nofp/libc_nano.a(lib_a-nano-vfprintf_i.o)
                              /opt/st/stm32cubeide_1.9.0/plugins/com.st.stm32cube.ide.mcu.externaltools.gnu-tools-for-stm32.10.3-2021.10.linux64_1.0.0.202111181127/tools/bin/../lib/gcc/arm-none-eabi/10.3.1/../../../../arm-none-eabi/lib/thumb/v7-m/nofp/libc_nano.a(lib_a-nano-svfprintf.o) (_printf_i)
/opt/st/stm32cubeide_1.9.0/plugins/com.st.stm32cube.ide.mcu.externaltools.gnu-tools-for-stm32.10.3-2021.10.linux64_1.0.0.202111181127/tools/bin/../lib/gcc/arm-none-eabi/10.3.1/../../../../arm-none-eabi/lib/thumb/v7-m/nofp/libc_nano.a(lib_a-memchr-stub.o)
[...]
Memory Configuration

Name             Origin             Length             Attributes
RAM              0x0000000020000000 0x0000000000002800 xrw
FLASH            0x0000000008000000 0x0000000000008000 xr
*default*        0x0000000000000000 0xffffffffffffffff

Linker script and memory map

LOAD /opt/st/stm32cubeide_1.9.0/plugins/com.st.stm32cube.ide.mcu.externaltools.gnu-tools-for-stm32.10.3-2021.10.linux64_1.0.0.202111181127/tools/bin/../lib/gcc/arm-none-eabi/10.3.1/thumb/v7-m/nofp/crti.o
LOAD /opt/st/stm32cubeide_1.9.0/plugins/com.st.stm32cube.ide.mcu.externaltools.gnu-tools-for-stm32.10.3-2021.10.linux64_1.0.0.202111181127/tools/bin/../lib/gcc/arm-none-eabi/10.3.1/thumb/v7-m/nofp/crtbegin.o
LOAD /opt/st/stm32cubeide_1.9.0/plugins/com.st.stm32cube.ide.mcu.externaltools.gnu-tools-for-stm32.10.3-2021.10.linux64_1.0.0.202111181127/tools/bin/../lib/gcc/arm-none-eabi/10.3.1/../../../../arm-none-eabi/lib/thumb/v7-m/nofp/crt0.o
LOAD ./Core/Src/ac.o
LOAD ./Core/Src/cwlibx.o
LOAD ./Core/Src/main.o
LOAD ./Core/Src/s_monitor.o
LOAD ./Core/Src/stm32f1xx_hal_msp.o
LOAD ./Core/Src/stm32f1xx_it.o
LOAD ./Core/Src/syscalls.o
LOAD ./Core/Src/sysmem.o
LOAD ./Core/Src/system_stm32f1xx.o
LOAD ./Core/Src/csrc/mui.o
LOAD ./Core/Src/csrc/mui_u8g2.o
LOAD ./Core/Src/csrc/u8g2_bitmap.o
LOAD ./Core/Src/csrc/u8g2_box.o
LOAD ./Core/Src/csrc/u8g2_buffer.o
LOAD ./Core/Src/csrc/u8g2_button.o
LOAD ./Core/Src/csrc/u8g2_circle.o
LOAD ./Core/Src/csrc/u8g2_cleardisplay.o
LOAD ./Core/Src/csrc/u8g2_d_memory.o
LOAD ./Core/Src/csrc/u8g2_d_setup.o
LOAD ./Core/Src/csrc/u8g2_font.o
LOAD ./Core/Src/csrc/u8g2_fonts.o
LOAD ./Core/Src/csrc/u8g2_hvline.o
LOAD ./Core/Src/csrc/u8g2_input_value.o
LOAD ./Core/Src/csrc/u8g2_intersection.o
LOAD ./Core/Src/csrc/u8g2_kerning.o
LOAD ./Core/Src/csrc/u8g2_line.o
LOAD ./Core/Src/csrc/u8g2_ll_hvline.o
LOAD ./Core/Src/csrc/u8g2_message.o
LOAD ./Core/Src/csrc/u8g2_polygon.o
LOAD ./Core/Src/csrc/u8g2_selection_list.o
LOAD ./Core/Src/csrc/u8g2_setup.o
LOAD ./Core/Src/csrc/u8log.o
LOAD ./Core/Src/csrc/u8log_u8g2.o
LOAD ./Core/Src/csrc/u8log_u8x8.o
LOAD ./Core/Src/csrc/u8x8_8x8.o
LOAD ./Core/Src/csrc/u8x8_byte.o
LOAD ./Core/Src/csrc/u8x8_cad.o
LOAD ./Core/Src/csrc/u8x8_capture.o
LOAD ./Core/Src/csrc/u8x8_d_uc1604.o
LOAD ./Core/Src/csrc/u8x8_debounce.o
LOAD ./Core/Src/csrc/u8x8_display.o
LOAD ./Core/Src/csrc/u8x8_fonts.o
LOAD ./Core/Src/csrc/u8x8_gpio.o
LOAD ./Core/Src/csrc/u8x8_input_value.o
LOAD ./Core/Src/csrc/u8x8_message.o
LOAD ./Core/Src/csrc/u8x8_selection_list.o
LOAD ./Core/Src/csrc/u8x8_setup.o
LOAD ./Core/Src/csrc/u8x8_string.o
LOAD ./Core/Src/csrc/u8x8_u16toa.o
LOAD ./Core/Src/csrc/u8x8_u8toa.o
LOAD ./Core/Startup/startup_stm32f103c6tx.o
LOAD ./Drivers/STM32F1xx_HAL_Driver/Src/stm32f1xx_hal.o
LOAD ./Drivers/STM32F1xx_HAL_Driver/Src/stm32f1xx_hal_cortex.o
LOAD ./Drivers/STM32F1xx_HAL_Driver/Src/stm32f1xx_hal_dma.o
LOAD ./Drivers/STM32F1xx_HAL_Driver/Src/stm32f1xx_hal_exti.o
LOAD ./Drivers/STM32F1xx_HAL_Driver/Src/stm32f1xx_hal_flash.o
LOAD ./Drivers/STM32F1xx_HAL_Driver/Src/stm32f1xx_hal_flash_ex.o
LOAD ./Drivers/STM32F1xx_HAL_Driver/Src/stm32f1xx_hal_gpio.o
LOAD ./Drivers/STM32F1xx_HAL_Driver/Src/stm32f1xx_hal_gpio_ex.o
LOAD ./Drivers/STM32F1xx_HAL_Driver/Src/stm32f1xx_hal_pwr.o
LOAD ./Drivers/STM32F1xx_HAL_Driver/Src/stm32f1xx_hal_rcc.o
LOAD ./Drivers/STM32F1xx_HAL_Driver/Src/stm32f1xx_hal_rcc_ex.o
LOAD ./Drivers/STM32F1xx_HAL_Driver/Src/stm32f1xx_hal_spi.o
LOAD ./Drivers/STM32F1xx_HAL_Driver/Src/stm32f1xx_hal_tim.o
LOAD ./Drivers/STM32F1xx_HAL_Driver/Src/stm32f1xx_hal_tim_ex.o
LOAD ./Drivers/STM32F1xx_HAL_Driver/Src/stm32f1xx_hal_uart.o
START GROUP
LOAD /opt/st/stm32cubeide_1.9.0/plugins/com.st.stm32cube.ide.mcu.externaltools.gnu-tools-for-stm32.10.3-2021.10.linux64_1.0.0.202111181127/tools/bin/../lib/gcc/arm-none-eabi/10.3.1/../../../../arm-none-eabi/lib/thumb/v7-m/nofp/libc_nano.a
LOAD /opt/st/stm32cubeide_1.9.0/plugins/com.st.stm32cube.ide.mcu.externaltools.gnu-tools-for-stm32.10.3-2021.10.linux64_1.0.0.202111181127/tools/bin/../lib/gcc/arm-none-eabi/10.3.1/../../../../arm-none-eabi/lib/thumb/v7-m/nofp/libm.a
END GROUP
START GROUP
LOAD /opt/st/stm32cubeide_1.9.0/plugins/com.st.stm32cube.ide.mcu.externaltools.gnu-tools-for-stm32.10.3-2021.10.linux64_1.0.0.202111181127/tools/bin/../lib/gcc/arm-none-eabi/10.3.1/thumb/v7-m/nofp/libgcc.a
LOAD /opt/st/stm32cubeide_1.9.0/plugins/com.st.stm32cube.ide.mcu.externaltools.gnu-tools-for-stm32.10.3-2021.10.linux64_1.0.0.202111181127/tools/bin/../lib/gcc/arm-none-eabi/10.3.1/../../../../arm-none-eabi/lib/thumb/v7-m/nofp/libc_nano.a
END GROUP
START GROUP
LOAD /opt/st/stm32cubeide_1.9.0/plugins/com.st.stm32cube.ide.mcu.externaltools.gnu-tools-for-stm32.10.3-2021.10.linux64_1.0.0.202111181127/tools/bin/../lib/gcc/arm-none-eabi/10.3.1/thumb/v7-m/nofp/libgcc.a
LOAD /opt/st/stm32cubeide_1.9.0/plugins/com.st.stm32cube.ide.mcu.externaltools.gnu-tools-for-stm32.10.3-2021.10.linux64_1.0.0.202111181127/tools/bin/../lib/gcc/arm-none-eabi/10.3.1/../../../../arm-none-eabi/lib/thumb/v7-m/nofp/libc_nano.a
LOAD /opt/st/stm32cubeide_1.9.0/plugins/com.st.stm32cube.ide.mcu.externaltools.gnu-tools-for-stm32.10.3-2021.10.linux64_1.0.0.202111181127/tools/bin/../lib/gcc/arm-none-eabi/10.3.1/../../../../arm-none-eabi/lib/thumb/v7-m/nofp/libnosys.a
END GROUP
START GROUP
LOAD /opt/st/stm32cubeide_1.9.0/plugins/com.st.stm32cube.ide.mcu.externaltools.gnu-tools-for-stm32.10.3-2021.10.linux64_1.0.0.202111181127/tools/bin/../lib/gcc/arm-none-eabi/10.3.1/thumb/v7-m/nofp/libgcc.a
LOAD /opt/st/stm32cubeide_1.9.0/plugins/com.st.stm32cube.ide.mcu.externaltools.gnu-tools-for-stm32.10.3-2021.10.linux64_1.0.0.202111181127/tools/bin/../lib/gcc/arm-none-eabi/10.3.1/../../../../arm-none-eabi/lib/thumb/v7-m/nofp/libc_nano.a
LOAD /opt/st/stm32cubeide_1.9.0/plugins/com.st.stm32cube.ide.mcu.externaltools.gnu-tools-for-stm32.10.3-2021.10.linux64_1.0.0.202111181127/tools/bin/../lib/gcc/arm-none-eabi/10.3.1/../../../../arm-none-eabi/lib/thumb/v7-m/nofp/libnosys.a
END GROUP
LOAD /opt/st/stm32cubeide_1.9.0/plugins/com.st.stm32cube.ide.mcu.externaltools.gnu-tools-for-stm32.10.3-2021.10.linux64_1.0.0.202111181127/tools/bin/../lib/gcc/arm-none-eabi/10.3.1/thumb/v7-m/nofp/crtend.o
LOAD /opt/st/stm32cubeide_1.9.0/plugins/com.st.stm32cube.ide.mcu.externaltools.gnu-tools-for-stm32.10.3-2021.10.linux64_1.0.0.202111181127/tools/bin/../lib/gcc/arm-none-eabi/10.3.1/thumb/v7-m/nofp/crtn.o
                0x0000000020002800                _estack = (ORIGIN (RAM) + LENGTH (RAM))
                0x0000000000000200                _Min_Heap_Size = 0x200
                0x0000000000000400                _Min_Stack_Size = 0x400

.isr_vector     0x0000000008000000      0x10c
                0x0000000008000000                . = ALIGN (0x4)
 *(.isr_vector)
 .isr_vector    0x0000000008000000      0x10c ./Core/Startup/startup_stm32f103c6tx.o
                0x0000000008000000                g_pfnVectors
                0x000000000800010c                . = ALIGN (0x4)

.text           0x000000000800010c     0x6144
                0x000000000800010c                . = ALIGN (0x4)
 *(.text)
 .text          0x000000000800010c       0x40 /opt/st/stm32cubeide_1.9.0/plugins/com.st.stm32cube.ide.mcu.externaltools.gnu-tools-for-stm32.10.3-2021.10.linux64_1.0.0.202111181127/tools/bin/../lib/gcc/arm-none-eabi/10.3.1/thumb/v7-m/nofp/crtbegin.o
 .text          0x000000000800014c       0x10 /opt/st/stm32cubeide_1.9.0/plugins/com.st.stm32cube.ide.mcu.externaltools.gnu-tools-for-stm32.10.3-2021.10.linux64_1.0.0.202111181127/tools/bin/../lib/gcc/arm-none-eabi/10.3.1/../../../../arm-none-eabi/lib/thumb/v7-m/nofp/libc_nano.a(lib_a-strlen.o)
                0x000000000800014c                strlen
 *(.text*)
 .text.u8x8_stm32_gpio_and_delay
                0x000000000800015c       0x70 ./Core/Src/ac.o
                0x000000000800015c                u8x8_stm32_gpio_and_delay
 .text.u8x8_byte_4wire_hw_spi
                0x00000000080001cc       0x8c ./Core/Src/ac.o
                0x00000000080001cc                u8x8_byte_4wire_hw_spi
 .text.HAL_TIM_PeriodElapsedCallback
                0x0000000008000258       0x30 ./Core/Src/ac.o
                0x0000000008000258                HAL_TIM_PeriodElapsedCallback
 .text.HAL_GPIO_EXTI_Callback
                0x0000000008000288       0x40 ./Core/Src/ac.o
                0x0000000008000288                HAL_GPIO_EXTI_Callback
 .text.start    0x00000000080002c8       0x74 ./Core/Src/ac.o
                0x00000000080002c8                start
 .text.auto_line_wrap
                0x000000000800033c       0x20 ./Core/Src/cwlibx.o
                0x000000000800033c                auto_line_wrap
 .text.text_insertion_point
                0x000000000800035c       0x34 ./Core/Src/cwlibx.o
                0x000000000800035c                text_insertion_point
 .text.inverse_text
                0x0000000008000390       0x20 ./Core/Src/cwlibx.o
                0x0000000008000390                inverse_text
 .text.def_thick_v_bar
                0x00000000080003b0       0x18 ./Core/Src/cwlibx.o
                0x00000000080003b0                def_thick_v_bar
 .text.def_thin_v_bar
                0x00000000080003c8       0x18 ./Core/Src/cwlibx.o
                0x00000000080003c8                def_thin_v_bar
 .text.draw_v_bar_graph
                0x00000000080003e0       0x68 ./Core/Src/cwlibx.o
                0x00000000080003e0                draw_v_bar_graph
 .text.erase_v_bar_graph
                0x0000000008000448       0x68 ./Core/Src/cwlibx.o
                0x0000000008000448                erase_v_bar_graph
 .text.draw_h_bar_graph
                0x00000000080004b0       0x80 ./Core/Src/cwlibx.o
                0x00000000080004b0                draw_h_bar_graph
 .text.put_pixel
                0x0000000008000530       0x44 ./Core/Src/cwlibx.o
                0x0000000008000530                put_pixel
 .text.erase_pixel
                0x0000000008000574       0x44 ./Core/Src/cwlibx.o
                0x0000000008000574                erase_pixel
 .text.lcd_soft_reset
                0x00000000080005b8       0x20 ./Core/Src/cwlibx.o
                0x00000000080005b8                lcd_soft_reset
 .text.clear_display
                0x00000000080005d8       0x1c ./Core/Src/cwlibx.o
                0x00000000080005d8                clear_display
 .text.enable_backlight
                0x00000000080005f4       0x24 ./Core/Src/cwlibx.o
                0x00000000080005f4                enable_backlight
 .text.set_contrast
                0x0000000008000618       0x2c ./Core/Src/cwlibx.o
                0x0000000008000618                set_contrast
 .text.disp_splash
                0x0000000008000644       0x30 ./Core/Src/cwlibx.o
                0x0000000008000644                disp_splash
 .text.str_warper
                0x0000000008000674       0x94 ./Core/Src/cwlibx.o
                0x0000000008000674                str_warper
 .text.lcd_print
                0x0000000008000708      0x280 ./Core/Src/cwlibx.o
                0x0000000008000708                lcd_print
 .text.main     0x0000000008000988       0x24 ./Core/Src/main.o
                0x0000000008000988                main
 .text.SystemClock_Config
                0x00000000080009ac       0x8a ./Core/Src/main.o
                0x00000000080009ac                SystemClock_Config
 *fill*         0x0000000008000a36        0x2 
 .text.MX_SPI1_Init
                0x0000000008000a38       0x6c ./Core/Src/main.o
 .text.MX_TIM2_Init
                0x0000000008000aa4       0x9c ./Core/Src/main.o
 .text.MX_USART1_UART_Init
                0x0000000008000b40       0x54 ./Core/Src/main.o
 .text.MX_GPIO_Init
                0x0000000008000b94      0x138 ./Core/Src/main.o
 .text.Error_Handler
                0x0000000008000ccc        0xa ./Core/Src/main.o
                0x0000000008000ccc                Error_Handler
 *fill*         0x0000000008000cd6        0x2 
 .text.monitor_send_string
                0x0000000008000cd8       0x28 ./Core/Src/s_monitor.o
                0x0000000008000cd8                monitor_send_string
 .text.monitor_check_cmd
                0x0000000008000d00      0x268 ./Core/Src/s_monitor.o
                0x0000000008000d00                monitor_check_cmd
 .text.monitor_irq_handler
                0x0000000008000f68       0xa0 ./Core/Src/s_monitor.o
                0x0000000008000f68                monitor_irq_handler
 .text.monitor_interrupt
                0x0000000008001008       0x34 ./Core/Src/s_monitor.o
                0x0000000008001008                monitor_interrupt
 .text.serial_begin
                0x000000000800103c       0x74 ./Core/Src/s_monitor.o
                0x000000000800103c                serial_begin
 .text.HAL_MspInit
                0x00000000080010b0       0x84 ./Core/Src/stm32f1xx_hal_msp.o
                0x00000000080010b0                HAL_MspInit
 .text.HAL_SPI_MspInit
                0x0000000008001134       0x7c ./Core/Src/stm32f1xx_hal_msp.o
                0x0000000008001134                HAL_SPI_MspInit
 .text.HAL_TIM_Base_MspInit
                0x00000000080011b0       0x48 ./Core/Src/stm32f1xx_hal_msp.o
                0x00000000080011b0                HAL_TIM_Base_MspInit
 .text.HAL_UART_MspInit
                0x00000000080011f8       0xa8 ./Core/Src/stm32f1xx_hal_msp.o
                0x00000000080011f8                HAL_UART_MspInit
 .text.NMI_Handler
                0x00000000080012a0        0x6 ./Core/Src/stm32f1xx_it.o
                0x00000000080012a0                NMI_Handler
 .text.HardFault_Handler
                0x00000000080012a6        0x6 ./Core/Src/stm32f1xx_it.o
                0x00000000080012a6                HardFault_Handler
 .text.MemManage_Handler
                0x00000000080012ac        0x6 ./Core/Src/stm32f1xx_it.o
                0x00000000080012ac                MemManage_Handler
 .text.BusFault_Handler
                0x00000000080012b2        0x6 ./Core/Src/stm32f1xx_it.o
                0x00000000080012b2                BusFault_Handler
 .text.UsageFault_Handler
                0x00000000080012b8        0x6 ./Core/Src/stm32f1xx_it.o
                0x00000000080012b8                UsageFault_Handler
 .text.SVC_Handler
                0x00000000080012be        0xc ./Core/Src/stm32f1xx_it.o
                0x00000000080012be                SVC_Handler
 .text.DebugMon_Handler
                0x00000000080012ca        0xc ./Core/Src/stm32f1xx_it.o
                0x00000000080012ca                DebugMon_Handler
 .text.PendSV_Handler
                0x00000000080012d6        0xc ./Core/Src/stm32f1xx_it.o
                0x00000000080012d6                PendSV_Handler
 .text.SysTick_Handler
                0x00000000080012e2        0xc ./Core/Src/stm32f1xx_it.o
                0x00000000080012e2                SysTick_Handler
 .text.RCC_IRQHandler
                0x00000000080012ee        0xc ./Core/Src/stm32f1xx_it.o
                0x00000000080012ee                RCC_IRQHandler
 .text.EXTI4_IRQHandler
                0x00000000080012fa        0xe ./Core/Src/stm32f1xx_it.o
                0x00000000080012fa                EXTI4_IRQHandler
 .text.TIM2_IRQHandler
                0x0000000008001308       0x14 ./Core/Src/stm32f1xx_it.o
                0x0000000008001308                TIM2_IRQHandler
 .text.USART1_IRQHandler
                0x000000000800131c        0xc ./Core/Src/stm32f1xx_it.o
                0x000000000800131c                USART1_IRQHandler
 .text._sbrk    0x0000000008001328       0x6c ./Core/Src/sysmem.o
                0x0000000008001328                _sbrk
 .text.SystemInit
                0x0000000008001394        0xc ./Core/Src/system_stm32f1xx.o
                0x0000000008001394                SystemInit
 .text.u8g2_SetBitmapMode
                0x00000000080013a0       0x1e ./Core/Src/csrc/u8g2_bitmap.o
                0x00000000080013a0                u8g2_SetBitmapMode
 .text.u8g2_DrawHXBM
                0x00000000080013be       0xdc ./Core/Src/csrc/u8g2_bitmap.o
                0x00000000080013be                u8g2_DrawHXBM
 .text.u8g2_DrawXBM
                0x000000000800149a       0x86 ./Core/Src/csrc/u8g2_bitmap.o
                0x000000000800149a                u8g2_DrawXBM
 .text.u8g2_DrawBox
                0x0000000008001520       0x6c ./Core/Src/csrc/u8g2_box.o
                0x0000000008001520                u8g2_DrawBox
 .text.u8g2_DrawFrame
                0x000000000800158c       0xba ./Core/Src/csrc/u8g2_box.o
                0x000000000800158c                u8g2_DrawFrame
 .text.u8g2_ClearBuffer
                0x0000000008001646       0x3c ./Core/Src/csrc/u8g2_buffer.o
                0x0000000008001646                u8g2_ClearBuffer
 .text.u8g2_send_tile_row
                0x0000000008001682       0x56 ./Core/Src/csrc/u8g2_buffer.o
 .text.u8g2_send_buffer
                0x00000000080016d8       0x54 ./Core/Src/csrc/u8g2_buffer.o
 .text.u8g2_SendBuffer
                0x000000000800172c       0x1c ./Core/Src/csrc/u8g2_buffer.o
                0x000000000800172c                u8g2_SendBuffer
 .text.u8g2_SetBufferCurrTileRow
                0x0000000008001748       0x30 ./Core/Src/csrc/u8g2_buffer.o
                0x0000000008001748                u8g2_SetBufferCurrTileRow
 .text.u8g2_FirstPage
                0x0000000008001778       0x28 ./Core/Src/csrc/u8g2_buffer.o
                0x0000000008001778                u8g2_FirstPage
 .text.u8g2_NextPage
                0x00000000080017a0       0x5c ./Core/Src/csrc/u8g2_buffer.o
                0x00000000080017a0                u8g2_NextPage
 .text.u8g2_DrawButtonFrame
                0x00000000080017fc      0x1e4 ./Core/Src/csrc/u8g2_button.o
                0x00000000080017fc                u8g2_DrawButtonFrame
 .text.u8g2_DrawButtonUTF8
                0x00000000080019e0       0xa8 ./Core/Src/csrc/u8g2_button.o
                0x00000000080019e0                u8g2_DrawButtonUTF8
 .text.u8g2_ClearDisplay
                0x0000000008001a88       0x2a ./Core/Src/csrc/u8g2_cleardisplay.o
                0x0000000008001a88                u8g2_ClearDisplay
 *fill*         0x0000000008001ab2        0x2 
 .text.u8g2_m_24_8_f
                0x0000000008001ab4       0x20 ./Core/Src/csrc/u8g2_d_memory.o
                0x0000000008001ab4                u8g2_m_24_8_f
 .text.u8g2_Setup_uc1604_jlx19264_f
                0x0000000008001ad4       0x50 ./Core/Src/csrc/u8g2_d_setup.o
                0x0000000008001ad4                u8g2_Setup_uc1604_jlx19264_f
 .text.u8g2_font_get_byte
                0x0000000008001b24       0x22 ./Core/Src/csrc/u8g2_font.o
 .text.u8g2_font_get_word
                0x0000000008001b46       0x3e ./Core/Src/csrc/u8g2_font.o
 .text.u8g2_read_font_info
                0x0000000008001b84      0x152 ./Core/Src/csrc/u8g2_font.o
                0x0000000008001b84                u8g2_read_font_info
 .text.u8g2_font_decode_get_unsigned_bits
                0x0000000008001cd6       0x94 ./Core/Src/csrc/u8g2_font.o
                0x0000000008001cd6                u8g2_font_decode_get_unsigned_bits
 .text.u8g2_font_decode_get_signed_bits
                0x0000000008001d6a       0x46 ./Core/Src/csrc/u8g2_font.o
                0x0000000008001d6a                u8g2_font_decode_get_signed_bits
 .text.u8g2_add_vector_y
                0x0000000008001db0       0x76 ./Core/Src/csrc/u8g2_font.o
                0x0000000008001db0                u8g2_add_vector_y
 .text.u8g2_add_vector_x
                0x0000000008001e26       0x76 ./Core/Src/csrc/u8g2_font.o
                0x0000000008001e26                u8g2_add_vector_x
 .text.u8g2_font_decode_len
                0x0000000008001e9c      0x110 ./Core/Src/csrc/u8g2_font.o
                0x0000000008001e9c                u8g2_font_decode_len
 .text.u8g2_font_setup_decode
                0x0000000008001fac       0x6e ./Core/Src/csrc/u8g2_font.o
 *fill*         0x000000000800201a        0x2 
 .text.u8g2_font_decode_glyph
                0x000000000800201c      0x21c ./Core/Src/csrc/u8g2_font.o
                0x000000000800201c                u8g2_font_decode_glyph
 .text.u8g2_font_get_glyph_data
                0x0000000008002238      0x100 ./Core/Src/csrc/u8g2_font.o
                0x0000000008002238                u8g2_font_get_glyph_data
 .text.u8g2_font_draw_glyph
                0x0000000008002338       0x56 ./Core/Src/csrc/u8g2_font.o
 .text.u8g2_GetGlyphWidth
                0x000000000800238e       0x7a ./Core/Src/csrc/u8g2_font.o
                0x000000000800238e                u8g2_GetGlyphWidth
 .text.u8g2_SetFontMode
                0x0000000008002408       0x1e ./Core/Src/csrc/u8g2_font.o
                0x0000000008002408                u8g2_SetFontMode
 *fill*         0x0000000008002426        0x2 
 .text.u8g2_DrawGlyph
                0x0000000008002428       0xa4 ./Core/Src/csrc/u8g2_font.o
                0x0000000008002428                u8g2_DrawGlyph
 .text.u8g2_draw_string
                0x00000000080024cc       0xb8 ./Core/Src/csrc/u8g2_font.o
 .text.u8g2_DrawUTF8
                0x0000000008002584       0x34 ./Core/Src/csrc/u8g2_font.o
                0x0000000008002584                u8g2_DrawUTF8
 .text.u8g2_UpdateRefHeight
                0x00000000080025b8       0xd6 ./Core/Src/csrc/u8g2_font.o
                0x00000000080025b8                u8g2_UpdateRefHeight
 .text.u8g2_font_calc_vref_font
                0x000000000800268e       0x14 ./Core/Src/csrc/u8g2_font.o
                0x000000000800268e                u8g2_font_calc_vref_font
 *fill*         0x00000000080026a2        0x2 
 .text.u8g2_SetFontPosBaseline
                0x00000000080026a4       0x1c ./Core/Src/csrc/u8g2_font.o
                0x00000000080026a4                u8g2_SetFontPosBaseline
 .text.u8g2_font_calc_vref_top
                0x00000000080026c0       0x22 ./Core/Src/csrc/u8g2_font.o
                0x00000000080026c0                u8g2_font_calc_vref_top
 *fill*         0x00000000080026e2        0x2 
 .text.u8g2_SetFontPosTop
                0x00000000080026e4       0x1c ./Core/Src/csrc/u8g2_font.o
                0x00000000080026e4                u8g2_SetFontPosTop
 .text.u8g2_SetFont
                0x0000000008002700       0x34 ./Core/Src/csrc/u8g2_font.o
                0x0000000008002700                u8g2_SetFont
 .text.u8g2_string_width
                0x0000000008002734       0xc8 ./Core/Src/csrc/u8g2_font.o
 .text.u8g2_GetStrWidth
                0x00000000080027fc       0x28 ./Core/Src/csrc/u8g2_font.o
                0x00000000080027fc                u8g2_GetStrWidth
 .text.u8g2_GetUTF8Width
                0x0000000008002824       0x28 ./Core/Src/csrc/u8g2_font.o
                0x0000000008002824                u8g2_GetUTF8Width
 .text.u8g2_clip_intersection2
                0x000000000800284c       0x9a ./Core/Src/csrc/u8g2_hvline.o
 .text.u8g2_draw_hv_line_2dir
                0x00000000080028e6       0x42 ./Core/Src/csrc/u8g2_hvline.o
                0x00000000080028e6                u8g2_draw_hv_line_2dir
 .text.u8g2_DrawHVLine
                0x0000000008002928      0x116 ./Core/Src/csrc/u8g2_hvline.o
                0x0000000008002928                u8g2_DrawHVLine
 .text.u8g2_DrawHLine
                0x0000000008002a3e       0x32 ./Core/Src/csrc/u8g2_hvline.o
                0x0000000008002a3e                u8g2_DrawHLine
 .text.u8g2_DrawVLine
                0x0000000008002a70       0x32 ./Core/Src/csrc/u8g2_hvline.o
                0x0000000008002a70                u8g2_DrawVLine
 .text.u8g2_DrawPixel
                0x0000000008002aa2       0x66 ./Core/Src/csrc/u8g2_hvline.o
                0x0000000008002aa2                u8g2_DrawPixel
 .text.u8g2_SetDrawColor
                0x0000000008002b08       0x2c ./Core/Src/csrc/u8g2_hvline.o
                0x0000000008002b08                u8g2_SetDrawColor
 .text.u8g2_is_intersection_decision_tree
                0x0000000008002b34       0x66 ./Core/Src/csrc/u8g2_intersection.o
                0x0000000008002b34                u8g2_is_intersection_decision_tree
 .text.u8g2_IsIntersection
                0x0000000008002b9a       0x56 ./Core/Src/csrc/u8g2_intersection.o
                0x0000000008002b9a                u8g2_IsIntersection
 .text.u8g2_ll_hvline_vertical_top_lsb
                0x0000000008002bf0      0x13e ./Core/Src/csrc/u8g2_ll_hvline.o
                0x0000000008002bf0                u8g2_ll_hvline_vertical_top_lsb
 .text.u8g2_SetMaxClipWindow
                0x0000000008002d2e       0x3e ./Core/Src/csrc/u8g2_setup.o
                0x0000000008002d2e                u8g2_SetMaxClipWindow
 .text.u8g2_SetupBuffer
                0x0000000008002d6c       0x7e ./Core/Src/csrc/u8g2_setup.o
                0x0000000008002d6c                u8g2_SetupBuffer
 .text.u8g2_SendF
                0x0000000008002dea       0x28 ./Core/Src/csrc/u8g2_setup.o
                0x0000000008002dea                u8g2_SendF
 .text.u8g2_update_dimension_common
                0x0000000008002e12       0xc0 ./Core/Src/csrc/u8g2_setup.o
 .text.u8g2_apply_clip_window
                0x0000000008002ed2       0xba ./Core/Src/csrc/u8g2_setup.o
 .text.u8g2_update_dimension_r0
                0x0000000008002f8c       0x16 ./Core/Src/csrc/u8g2_setup.o
                0x0000000008002f8c                u8g2_update_dimension_r0
 .text.u8g2_update_page_win_r0
                0x0000000008002fa2       0x42 ./Core/Src/csrc/u8g2_setup.o
                0x0000000008002fa2                u8g2_update_page_win_r0
 .text.u8g2_draw_l90_r0
                0x0000000008002fe4       0x34 ./Core/Src/csrc/u8g2_setup.o
                0x0000000008002fe4                u8g2_draw_l90_r0
 .text.u8x8_utf8_init
                0x0000000008003018       0x1a ./Core/Src/csrc/u8x8_8x8.o
                0x0000000008003018                u8x8_utf8_init
 .text.u8x8_ascii_next
                0x0000000008003032       0x2c ./Core/Src/csrc/u8x8_8x8.o
                0x0000000008003032                u8x8_ascii_next
 .text.u8x8_utf8_next
                0x000000000800305e      0x106 ./Core/Src/csrc/u8x8_8x8.o
                0x000000000800305e                u8x8_utf8_next
 .text.u8x8_byte_SetDC
                0x0000000008003164       0x24 ./Core/Src/csrc/u8x8_byte.o
                0x0000000008003164                u8x8_byte_SetDC
 .text.u8x8_byte_SendBytes
                0x0000000008003188       0x26 ./Core/Src/csrc/u8x8_byte.o
                0x0000000008003188                u8x8_byte_SendBytes
 .text.u8x8_byte_SendByte
                0x00000000080031ae       0x22 ./Core/Src/csrc/u8x8_byte.o
                0x00000000080031ae                u8x8_byte_SendByte
 .text.u8x8_cad_SendCmd
                0x00000000080031d0       0x24 ./Core/Src/csrc/u8x8_cad.o
                0x00000000080031d0                u8x8_cad_SendCmd
 .text.u8x8_cad_SendArg
                0x00000000080031f4       0x24 ./Core/Src/csrc/u8x8_cad.o
                0x00000000080031f4                u8x8_cad_SendArg
 .text.u8x8_cad_SendData
                0x0000000008003218       0x26 ./Core/Src/csrc/u8x8_cad.o
                0x0000000008003218                u8x8_cad_SendData
 .text.u8x8_cad_StartTransfer
                0x000000000800323e       0x20 ./Core/Src/csrc/u8x8_cad.o
                0x000000000800323e                u8x8_cad_StartTransfer
 .text.u8x8_cad_EndTransfer
                0x000000000800325e       0x20 ./Core/Src/csrc/u8x8_cad.o
                0x000000000800325e                u8x8_cad_EndTransfer
 .text.u8x8_cad_vsendf
                0x000000000800327e       0x7a ./Core/Src/csrc/u8x8_cad.o
                0x000000000800327e                u8x8_cad_vsendf
 .text.u8x8_cad_SendSequence
                0x00000000080032f8       0xa4 ./Core/Src/csrc/u8x8_cad.o
                0x00000000080032f8                u8x8_cad_SendSequence
 .text.u8x8_cad_001
                0x000000000800339c       0x88 ./Core/Src/csrc/u8x8_cad.o
                0x000000000800339c                u8x8_cad_001
 .text.u8x8_d_uc1604_common
                0x0000000008003424      0x158 ./Core/Src/csrc/u8x8_d_uc1604.o
                0x0000000008003424                u8x8_d_uc1604_common
 .text.u8x8_d_uc1604_jlx19264
                0x000000000800357c       0x64 ./Core/Src/csrc/u8x8_d_uc1604.o
                0x000000000800357c                u8x8_d_uc1604_jlx19264
 .text.u8x8_d_helper_display_setup_memory
                0x00000000080035e0       0x26 ./Core/Src/csrc/u8x8_display.o
                0x00000000080035e0                u8x8_d_helper_display_setup_memory
 .text.u8x8_d_helper_display_init
                0x0000000008003606       0x7a ./Core/Src/csrc/u8x8_display.o
                0x0000000008003606                u8x8_d_helper_display_init
 .text.u8x8_DrawTile
                0x0000000008003680       0x44 ./Core/Src/csrc/u8x8_display.o
                0x0000000008003680                u8x8_DrawTile
 .text.u8x8_SetupMemory
                0x00000000080036c4       0x1e ./Core/Src/csrc/u8x8_display.o
                0x00000000080036c4                u8x8_SetupMemory
 .text.u8x8_InitDisplay
                0x00000000080036e2       0x1e ./Core/Src/csrc/u8x8_display.o
                0x00000000080036e2                u8x8_InitDisplay
 .text.u8x8_SetPowerSave
                0x0000000008003700       0x22 ./Core/Src/csrc/u8x8_display.o
                0x0000000008003700                u8x8_SetPowerSave
 .text.u8x8_SetContrast
                0x0000000008003722       0x22 ./Core/Src/csrc/u8x8_display.o
                0x0000000008003722                u8x8_SetContrast
 .text.u8x8_RefreshDisplay
                0x0000000008003744       0x1e ./Core/Src/csrc/u8x8_display.o
                0x0000000008003744                u8x8_RefreshDisplay
 .text.u8x8_gpio_call
                0x0000000008003762       0x26 ./Core/Src/csrc/u8x8_gpio.o
                0x0000000008003762                u8x8_gpio_call
 .text.u8x8_dummy_cb
                0x0000000008003788       0x1e ./Core/Src/csrc/u8x8_setup.o
                0x0000000008003788                u8x8_dummy_cb
 *fill*         0x00000000080037a6        0x2 
 .text.u8x8_SetupDefaults
                0x00000000080037a8       0x5c ./Core/Src/csrc/u8x8_setup.o
                0x00000000080037a8                u8x8_SetupDefaults
 .text.u8x8_Setup
                0x0000000008003804       0x3a ./Core/Src/csrc/u8x8_setup.o
                0x0000000008003804                u8x8_Setup
 *fill*         0x000000000800383e        0x2 
 .text.Reset_Handler
                0x0000000008003840       0x48 ./Core/Startup/startup_stm32f103c6tx.o
                0x0000000008003840                Reset_Handler
 .text.Default_Handler
                0x0000000008003888        0x2 ./Core/Startup/startup_stm32f103c6tx.o
                0x0000000008003888                RTC_Alarm_IRQHandler
                0x0000000008003888                EXTI2_IRQHandler
                0x0000000008003888                TIM1_CC_IRQHandler
                0x0000000008003888                PVD_IRQHandler
                0x0000000008003888                EXTI3_IRQHandler
                0x0000000008003888                EXTI0_IRQHandler
                0x0000000008003888                ADC1_2_IRQHandler
                0x0000000008003888                SPI1_IRQHandler
                0x0000000008003888                TAMPER_IRQHandler
                0x0000000008003888                DMA1_Channel4_IRQHandler
                0x0000000008003888                RTC_IRQHandler
                0x0000000008003888                DMA1_Channel7_IRQHandler
                0x0000000008003888                CAN1_RX1_IRQHandler
                0x0000000008003888                I2C1_EV_IRQHandler
                0x0000000008003888                DMA1_Channel6_IRQHandler
                0x0000000008003888                TIM3_IRQHandler
                0x0000000008003888                TIM1_TRG_COM_IRQHandler
                0x0000000008003888                DMA1_Channel1_IRQHandler
                0x0000000008003888                Default_Handler
                0x0000000008003888                EXTI15_10_IRQHandler
                0x0000000008003888                EXTI9_5_IRQHandler
                0x0000000008003888                DMA1_Channel5_IRQHandler
                0x0000000008003888                USB_LP_CAN1_RX0_IRQHandler
                0x0000000008003888                USB_HP_CAN1_TX_IRQHandler
                0x0000000008003888                DMA1_Channel3_IRQHandler
                0x0000000008003888                TIM1_UP_IRQHandler
                0x0000000008003888                WWDG_IRQHandler
                0x0000000008003888                TIM1_BRK_IRQHandler
                0x0000000008003888                EXTI1_IRQHandler
                0x0000000008003888                USART2_IRQHandler
                0x0000000008003888                DMA1_Channel2_IRQHandler
                0x0000000008003888                CAN1_SCE_IRQHandler
                0x0000000008003888                FLASH_IRQHandler
                0x0000000008003888                I2C1_ER_IRQHandler
                0x0000000008003888                USBWakeUp_IRQHandler
 *fill*         0x000000000800388a        0x2 
 .text.HAL_Init
                0x000000000800388c       0x2c ./Drivers/STM32F1xx_HAL_Driver/Src/stm32f1xx_hal.o
                0x000000000800388c                HAL_Init
 .text.HAL_InitTick
                0x00000000080038b8       0x60 ./Drivers/STM32F1xx_HAL_Driver/Src/stm32f1xx_hal.o
                0x00000000080038b8                HAL_InitTick
 .text.HAL_IncTick
                0x0000000008003918       0x24 ./Drivers/STM32F1xx_HAL_Driver/Src/stm32f1xx_hal.o
                0x0000000008003918                HAL_IncTick
 .text.HAL_GetTick
                0x000000000800393c       0x14 ./Drivers/STM32F1xx_HAL_Driver/Src/stm32f1xx_hal.o
                0x000000000800393c                HAL_GetTick
 .text.HAL_Delay
                0x0000000008003950       0x48 ./Drivers/STM32F1xx_HAL_Driver/Src/stm32f1xx_hal.o
                0x0000000008003950                HAL_Delay
 .text.__NVIC_SetPriorityGrouping
                0x0000000008003998       0x48 ./Drivers/STM32F1xx_HAL_Driver/Src/stm32f1xx_hal_cortex.o
 .text.__NVIC_GetPriorityGrouping
                0x00000000080039e0       0x1c ./Drivers/STM32F1xx_HAL_Driver/Src/stm32f1xx_hal_cortex.o
 .text.__NVIC_EnableIRQ
                0x00000000080039fc       0x38 ./Drivers/STM32F1xx_HAL_Driver/Src/stm32f1xx_hal_cortex.o
 .text.__NVIC_DisableIRQ
                0x0000000008003a34       0x48 ./Drivers/STM32F1xx_HAL_Driver/Src/stm32f1xx_hal_cortex.o
 .text.__NVIC_ClearPendingIRQ
                0x0000000008003a7c       0x3c ./Drivers/STM32F1xx_HAL_Driver/Src/stm32f1xx_hal_cortex.o
 .text.__NVIC_SetPriority
                0x0000000008003ab8       0x54 ./Drivers/STM32F1xx_HAL_Driver/Src/stm32f1xx_hal_cortex.o
 .text.NVIC_EncodePriority
                0x0000000008003b0c       0x64 ./Drivers/STM32F1xx_HAL_Driver/Src/stm32f1xx_hal_cortex.o
 .text.SysTick_Config
                0x0000000008003b70       0x44 ./Drivers/STM32F1xx_HAL_Driver/Src/stm32f1xx_hal_cortex.o
 .text.HAL_NVIC_SetPriorityGrouping
                0x0000000008003bb4       0x16 ./Drivers/STM32F1xx_HAL_Driver/Src/stm32f1xx_hal_cortex.o
                0x0000000008003bb4                HAL_NVIC_SetPriorityGrouping
 .text.HAL_NVIC_SetPriority
                0x0000000008003bca       0x38 ./Drivers/STM32F1xx_HAL_Driver/Src/stm32f1xx_hal_cortex.o
                0x0000000008003bca                HAL_NVIC_SetPriority
 .text.HAL_NVIC_EnableIRQ
                0x0000000008003c02       0x1c ./Drivers/STM32F1xx_HAL_Driver/Src/stm32f1xx_hal_cortex.o
                0x0000000008003c02                HAL_NVIC_EnableIRQ
 .text.HAL_NVIC_DisableIRQ
                0x0000000008003c1e       0x1c ./Drivers/STM32F1xx_HAL_Driver/Src/stm32f1xx_hal_cortex.o
                0x0000000008003c1e                HAL_NVIC_DisableIRQ
 .text.HAL_SYSTICK_Config
                0x0000000008003c3a       0x18 ./Drivers/STM32F1xx_HAL_Driver/Src/stm32f1xx_hal_cortex.o
                0x0000000008003c3a                HAL_SYSTICK_Config
 .text.HAL_NVIC_ClearPendingIRQ
                0x0000000008003c52       0x1c ./Drivers/STM32F1xx_HAL_Driver/Src/stm32f1xx_hal_cortex.o
                0x0000000008003c52                HAL_NVIC_ClearPendingIRQ
 *fill*         0x0000000008003c6e        0x2 
 .text.HAL_GPIO_Init
                0x0000000008003c70      0x2f8 ./Drivers/STM32F1xx_HAL_Driver/Src/stm32f1xx_hal_gpio.o
                0x0000000008003c70                HAL_GPIO_Init
 .text.HAL_GPIO_WritePin
                0x0000000008003f68       0x30 ./Drivers/STM32F1xx_HAL_Driver/Src/stm32f1xx_hal_gpio.o
                0x0000000008003f68                HAL_GPIO_WritePin
 .text.HAL_GPIO_TogglePin
                0x0000000008003f98       0x32 ./Drivers/STM32F1xx_HAL_Driver/Src/stm32f1xx_hal_gpio.o
                0x0000000008003f98                HAL_GPIO_TogglePin
 *fill*         0x0000000008003fca        0x2 
 .text.HAL_GPIO_EXTI_IRQHandler
                0x0000000008003fcc       0x30 ./Drivers/STM32F1xx_HAL_Driver/Src/stm32f1xx_hal_gpio.o
                0x0000000008003fcc                HAL_GPIO_EXTI_IRQHandler
 .text.HAL_RCC_OscConfig
                0x0000000008003ffc      0x504 ./Drivers/STM32F1xx_HAL_Driver/Src/stm32f1xx_hal_rcc.o
                0x0000000008003ffc                HAL_RCC_OscConfig
 .text.HAL_RCC_ClockConfig
                0x0000000008004500      0x1d4 ./Drivers/STM32F1xx_HAL_Driver/Src/stm32f1xx_hal_rcc.o
                0x0000000008004500                HAL_RCC_ClockConfig
 .text.HAL_RCC_GetSysClockFreq
                0x00000000080046d4       0xbc ./Drivers/STM32F1xx_HAL_Driver/Src/stm32f1xx_hal_rcc.o
                0x00000000080046d4                HAL_RCC_GetSysClockFreq
 .text.HAL_RCC_GetHCLKFreq
                0x0000000008004790       0x14 ./Drivers/STM32F1xx_HAL_Driver/Src/stm32f1xx_hal_rcc.o
                0x0000000008004790                HAL_RCC_GetHCLKFreq
 .text.HAL_RCC_GetPCLK1Freq
                0x00000000080047a4       0x28 ./Drivers/STM32F1xx_HAL_Driver/Src/stm32f1xx_hal_rcc.o
                0x00000000080047a4                HAL_RCC_GetPCLK1Freq
 .text.HAL_RCC_GetPCLK2Freq
                0x00000000080047cc       0x28 ./Drivers/STM32F1xx_HAL_Driver/Src/stm32f1xx_hal_rcc.o
                0x00000000080047cc                HAL_RCC_GetPCLK2Freq
 .text.RCC_Delay
                0x00000000080047f4       0x3c ./Drivers/STM32F1xx_HAL_Driver/Src/stm32f1xx_hal_rcc.o
 .text.HAL_SPI_Init
                0x0000000008004830      0x108 ./Drivers/STM32F1xx_HAL_Driver/Src/stm32f1xx_hal_spi.o
                0x0000000008004830                HAL_SPI_Init
 .text.HAL_SPI_Transmit
                0x0000000008004938      0x278 ./Drivers/STM32F1xx_HAL_Driver/Src/stm32f1xx_hal_spi.o
                0x0000000008004938                HAL_SPI_Transmit
 .text.SPI_WaitFlagStateUntilTimeout
                0x0000000008004bb0      0x110 ./Drivers/STM32F1xx_HAL_Driver/Src/stm32f1xx_hal_spi.o
 .text.SPI_EndRxTxTransaction
                0x0000000008004cc0       0x3c ./Drivers/STM32F1xx_HAL_Driver/Src/stm32f1xx_hal_spi.o
 .text.HAL_TIM_Base_Init
                0x0000000008004cfc       0x9e ./Drivers/STM32F1xx_HAL_Driver/Src/stm32f1xx_hal_tim.o
                0x0000000008004cfc                HAL_TIM_Base_Init
 *fill*         0x0000000008004d9a        0x2 
 .text.HAL_TIM_Base_Start_IT
                0x0000000008004d9c       0x98 ./Drivers/STM32F1xx_HAL_Driver/Src/stm32f1xx_hal_tim.o
                0x0000000008004d9c                HAL_TIM_Base_Start_IT
 .text.HAL_TIM_Base_Stop_IT
                0x0000000008004e34       0x5c ./Drivers/STM32F1xx_HAL_Driver/Src/stm32f1xx_hal_tim.o
                0x0000000008004e34                HAL_TIM_Base_Stop_IT
 .text.HAL_TIM_IRQHandler
                0x0000000008004e90      0x210 ./Drivers/STM32F1xx_HAL_Driver/Src/stm32f1xx_hal_tim.o
                0x0000000008004e90                HAL_TIM_IRQHandler
 .text.HAL_TIM_ConfigClockSource
                0x00000000080050a0      0x188 ./Drivers/STM32F1xx_HAL_Driver/Src/stm32f1xx_hal_tim.o
                0x00000000080050a0                HAL_TIM_ConfigClockSource
 .text.HAL_TIM_OC_DelayElapsedCallback
                0x0000000008005228       0x12 ./Drivers/STM32F1xx_HAL_Driver/Src/stm32f1xx_hal_tim.o
                0x0000000008005228                HAL_TIM_OC_DelayElapsedCallback
 .text.HAL_TIM_IC_CaptureCallback
                0x000000000800523a       0x12 ./Drivers/STM32F1xx_HAL_Driver/Src/stm32f1xx_hal_tim.o
                0x000000000800523a                HAL_TIM_IC_CaptureCallback
 .text.HAL_TIM_PWM_PulseFinishedCallback
                0x000000000800524c       0x12 ./Drivers/STM32F1xx_HAL_Driver/Src/stm32f1xx_hal_tim.o
                0x000000000800524c                HAL_TIM_PWM_PulseFinishedCallback
 .text.HAL_TIM_TriggerCallback
                0x000000000800525e       0x12 ./Drivers/STM32F1xx_HAL_Driver/Src/stm32f1xx_hal_tim.o
                0x000000000800525e                HAL_TIM_TriggerCallback
 .text.TIM_Base_SetConfig
                0x0000000008005270       0xb0 ./Drivers/STM32F1xx_HAL_Driver/Src/stm32f1xx_hal_tim.o
                0x0000000008005270                TIM_Base_SetConfig
 .text.TIM_TI1_ConfigInputStage
                0x0000000008005320       0x5c ./Drivers/STM32F1xx_HAL_Driver/Src/stm32f1xx_hal_tim.o
 .text.TIM_TI2_ConfigInputStage
                0x000000000800537c       0x5e ./Drivers/STM32F1xx_HAL_Driver/Src/stm32f1xx_hal_tim.o
 .text.TIM_ITRx_SetConfig
                0x00000000080053da       0x34 ./Drivers/STM32F1xx_HAL_Driver/Src/stm32f1xx_hal_tim.o
 .text.TIM_ETR_SetConfig
                0x000000000800540e       0x3e ./Drivers/STM32F1xx_HAL_Driver/Src/stm32f1xx_hal_tim.o
                0x000000000800540e                TIM_ETR_SetConfig
 .text.HAL_TIMEx_MasterConfigSynchronization
                0x000000000800544c       0xb0 ./Drivers/STM32F1xx_HAL_Driver/Src/stm32f1xx_hal_tim_ex.o
                0x000000000800544c                HAL_TIMEx_MasterConfigSynchronization
 .text.HAL_TIMEx_CommutCallback
                0x00000000080054fc       0x12 ./Drivers/STM32F1xx_HAL_Driver/Src/stm32f1xx_hal_tim_ex.o
                0x00000000080054fc                HAL_TIMEx_CommutCallback
 .text.HAL_TIMEx_BreakCallback
                0x000000000800550e       0x12 ./Drivers/STM32F1xx_HAL_Driver/Src/stm32f1xx_hal_tim_ex.o
                0x000000000800550e                HAL_TIMEx_BreakCallback
 .text.HAL_UART_Init
                0x0000000008005520       0x9a ./Drivers/STM32F1xx_HAL_Driver/Src/stm32f1xx_hal_uart.o
                0x0000000008005520                HAL_UART_Init
 .text.HAL_UART_Transmit
                0x00000000080055ba      0x124 ./Drivers/STM32F1xx_HAL_Driver/Src/stm32f1xx_hal_uart.o
                0x00000000080055ba                HAL_UART_Transmit
 .text.UART_WaitOnFlagUntilTimeout
                0x00000000080056de       0x94 ./Drivers/STM32F1xx_HAL_Driver/Src/stm32f1xx_hal_uart.o
 *fill*         0x0000000008005772        0x2 
 .text.UART_SetConfig
                0x0000000008005774      0x11c ./Drivers/STM32F1xx_HAL_Driver/Src/stm32f1xx_hal_uart.o
 .text.__errno  0x0000000008005890        0xc /opt/st/stm32cubeide_1.9.0/plugins/com.st.stm32cube.ide.mcu.externaltools.gnu-tools-for-stm32.10.3-2021.10.linux64_1.0.0.202111181127/tools/bin/../lib/gcc/arm-none-eabi/10.3.1/../../../../arm-none-eabi/lib/thumb/v7-m/nofp/libc_nano.a(lib_a-errno.o)
                0x0000000008005890                __errno
 .text.__libc_init_array
                0x000000000800589c       0x48 /opt/st/stm32cubeide_1.9.0/plugins/com.st.stm32cube.ide.mcu.externaltools.gnu-tools-for-stm32.10.3-2021.10.linux64_1.0.0.202111181127/tools/bin/../lib/gcc/arm-none-eabi/10.3.1/../../../../arm-none-eabi/lib/thumb/v7-m/nofp/libc_nano.a(lib_a-init.o)
                0x000000000800589c                __libc_init_array
 .text.memset   0x00000000080058e4       0x10 /opt/st/stm32cubeide_1.9.0/plugins/com.st.stm32cube.ide.mcu.externaltools.gnu-tools-for-stm32.10.3-2021.10.linux64_1.0.0.202111181127/tools/bin/../lib/gcc/arm-none-eabi/10.3.1/../../../../arm-none-eabi/lib/thumb/v7-m/nofp/libc_nano.a(lib_a-memset.o)
                0x00000000080058e4                memset
 .text.snprintf
                0x00000000080058f4       0x68 /opt/st/stm32cubeide_1.9.0/plugins/com.st.stm32cube.ide.mcu.externaltools.gnu-tools-for-stm32.10.3-2021.10.linux64_1.0.0.202111181127/tools/bin/../lib/gcc/arm-none-eabi/10.3.1/../../../../arm-none-eabi/lib/thumb/v7-m/nofp/libc_nano.a(lib_a-snprintf.o)
                0x00000000080058f4                snprintf
                0x00000000080058f4                sniprintf
 .text.strncmp  0x000000000800595c       0x28 /opt/st/stm32cubeide_1.9.0/plugins/com.st.stm32cube.ide.mcu.externaltools.gnu-tools-for-stm32.10.3-2021.10.linux64_1.0.0.202111181127/tools/bin/../lib/gcc/arm-none-eabi/10.3.1/../../../../arm-none-eabi/lib/thumb/v7-m/nofp/libc_nano.a(lib_a-strncmp.o)
                0x000000000800595c                strncmp
 .text.__ssputs_r
                0x0000000008005984       0xb6 /opt/st/stm32cubeide_1.9.0/plugins/com.st.stm32cube.ide.mcu.externaltools.gnu-tools-for-stm32.10.3-2021.10.linux64_1.0.0.202111181127/tools/bin/../lib/gcc/arm-none-eabi/10.3.1/../../../../arm-none-eabi/lib/thumb/v7-m/nofp/libc_nano.a(lib_a-nano-svfprintf.o)
                0x0000000008005984                __ssputs_r
 *fill*         0x0000000008005a3a        0x2 
 .text._svfprintf_r
                0x0000000008005a3c      0x200 /opt/st/stm32cubeide_1.9.0/plugins/com.st.stm32cube.ide.mcu.externaltools.gnu-tools-for-stm32.10.3-2021.10.linux64_1.0.0.202111181127/tools/bin/../lib/gcc/arm-none-eabi/10.3.1/../../../../arm-none-eabi/lib/thumb/v7-m/nofp/libc_nano.a(lib_a-nano-svfprintf.o)
                0x0000000008005a3c                _svfprintf_r
                0x0000000008005a3c                _svfiprintf_r
 .text._printf_common
                0x0000000008005c3c       0xde /opt/st/stm32cubeide_1.9.0/plugins/com.st.stm32cube.ide.mcu.externaltools.gnu-tools-for-stm32.10.3-2021.10.linux64_1.0.0.202111181127/tools/bin/../lib/gcc/arm-none-eabi/10.3.1/../../../../arm-none-eabi/lib/thumb/v7-m/nofp/libc_nano.a(lib_a-nano-vfprintf_i.o)
                0x0000000008005c3c                _printf_common
 *fill*         0x0000000008005d1a        0x2 
 .text._printf_i
                0x0000000008005d1c      0x24c /opt/st/stm32cubeide_1.9.0/plugins/com.st.stm32cube.ide.mcu.externaltools.gnu-tools-for-stm32.10.3-2021.10.linux64_1.0.0.202111181127/tools/bin/../lib/gcc/arm-none-eabi/10.3.1/../../../../arm-none-eabi/lib/thumb/v7-m/nofp/libc_nano.a(lib_a-nano-vfprintf_i.o)
                0x0000000008005d1c                _printf_i
 .text.memchr   0x0000000008005f68       0x1c /opt/st/stm32cubeide_1.9.0/plugins/com.st.stm32cube.ide.mcu.externaltools.gnu-tools-for-stm32.10.3-2021.10.linux64_1.0.0.202111181127/tools/bin/../lib/gcc/arm-none-eabi/10.3.1/../../../../arm-none-eabi/lib/thumb/v7-m/nofp/libc_nano.a(lib_a-memchr-stub.o)
                0x0000000008005f68                memchr
 .text.memcpy   0x0000000008005f84       0x1c /opt/st/stm32cubeide_1.9.0/plugins/com.st.stm32cube.ide.mcu.externaltools.gnu-tools-for-stm32.10.3-2021.10.linux64_1.0.0.202111181127/tools/bin/../lib/gcc/arm-none-eabi/10.3.1/../../../../arm-none-eabi/lib/thumb/v7-m/nofp/libc_nano.a(lib_a-memcpy-stub.o)
                0x0000000008005f84                memcpy
 .text.memmove  0x0000000008005fa0       0x34 /opt/st/stm32cubeide_1.9.0/plugins/com.st.stm32cube.ide.mcu.externaltools.gnu-tools-for-stm32.10.3-2021.10.linux64_1.0.0.202111181127/tools/bin/../lib/gcc/arm-none-eabi/10.3.1/../../../../arm-none-eabi/lib/thumb/v7-m/nofp/libc_nano.a(lib_a-memmove.o)
                0x0000000008005fa0                memmove
 .text._free_r  0x0000000008005fd4       0x90 /opt/st/stm32cubeide_1.9.0/plugins/com.st.stm32cube.ide.mcu.externaltools.gnu-tools-for-stm32.10.3-2021.10.linux64_1.0.0.202111181127/tools/bin/../lib/gcc/arm-none-eabi/10.3.1/../../../../arm-none-eabi/lib/thumb/v7-m/nofp/libc_nano.a(lib_a-nano-freer.o)
                0x0000000008005fd4                _free_r
 .text.sbrk_aligned
                0x0000000008006064       0x40 /opt/st/stm32cubeide_1.9.0/plugins/com.st.stm32cube.ide.mcu.externaltools.gnu-tools-for-stm32.10.3-2021.10.linux64_1.0.0.202111181127/tools/bin/../lib/gcc/arm-none-eabi/10.3.1/../../../../arm-none-eabi/lib/thumb/v7-m/nofp/libc_nano.a(lib_a-nano-mallocr.o)
 .text._malloc_r
                0x00000000080060a4       0xe8 /opt/st/stm32cubeide_1.9.0/plugins/com.st.stm32cube.ide.mcu.externaltools.gnu-tools-for-stm32.10.3-2021.10.linux64_1.0.0.202111181127/tools/bin/../lib/gcc/arm-none-eabi/10.3.1/../../../../arm-none-eabi/lib/thumb/v7-m/nofp/libc_nano.a(lib_a-nano-mallocr.o)
                0x00000000080060a4                _malloc_r
 .text._realloc_r
                0x000000000800618c       0x5e /opt/st/stm32cubeide_1.9.0/plugins/com.st.stm32cube.ide.mcu.externaltools.gnu-tools-for-stm32.10.3-2021.10.linux64_1.0.0.202111181127/tools/bin/../lib/gcc/arm-none-eabi/10.3.1/../../../../arm-none-eabi/lib/thumb/v7-m/nofp/libc_nano.a(lib_a-nano-reallocr.o)
                0x000000000800618c                _realloc_r
 *fill*         0x00000000080061ea        0x2 
 .text._sbrk_r  0x00000000080061ec       0x20 /opt/st/stm32cubeide_1.9.0/plugins/com.st.stm32cube.ide.mcu.externaltools.gnu-tools-for-stm32.10.3-2021.10.linux64_1.0.0.202111181127/tools/bin/../lib/gcc/arm-none-eabi/10.3.1/../../../../arm-none-eabi/lib/thumb/v7-m/nofp/libc_nano.a(lib_a-sbrkr.o)
                0x00000000080061ec                _sbrk_r
 .text.__malloc_lock
                0x000000000800620c        0xc /opt/st/stm32cubeide_1.9.0/plugins/com.st.stm32cube.ide.mcu.externaltools.gnu-tools-for-stm32.10.3-2021.10.linux64_1.0.0.202111181127/tools/bin/../lib/gcc/arm-none-eabi/10.3.1/../../../../arm-none-eabi/lib/thumb/v7-m/nofp/libc_nano.a(lib_a-mlock.o)
                0x000000000800620c                __malloc_lock
 .text.__malloc_unlock
                0x0000000008006218        0xc /opt/st/stm32cubeide_1.9.0/plugins/com.st.stm32cube.ide.mcu.externaltools.gnu-tools-for-stm32.10.3-2021.10.linux64_1.0.0.202111181127/tools/bin/../lib/gcc/arm-none-eabi/10.3.1/../../../../arm-none-eabi/lib/thumb/v7-m/nofp/libc_nano.a(lib_a-mlock.o)
                0x0000000008006218                __malloc_unlock
 .text._malloc_usable_size_r
                0x0000000008006224       0x10 /opt/st/stm32cubeide_1.9.0/plugins/com.st.stm32cube.ide.mcu.externaltools.gnu-tools-for-stm32.10.3-2021.10.linux64_1.0.0.202111181127/tools/bin/../lib/gcc/arm-none-eabi/10.3.1/../../../../arm-none-eabi/lib/thumb/v7-m/nofp/libc_nano.a(lib_a-nano-msizer.o)
                0x0000000008006224                _malloc_usable_size_r
 .text.__retarget_lock_acquire_recursive
                0x0000000008006234        0x2 /opt/st/stm32cubeide_1.9.0/plugins/com.st.stm32cube.ide.mcu.externaltools.gnu-tools-for-stm32.10.3-2021.10.linux64_1.0.0.202111181127/tools/bin/../lib/gcc/arm-none-eabi/10.3.1/../../../../arm-none-eabi/lib/thumb/v7-m/nofp/libc_nano.a(lib_a-lock.o)
                0x0000000008006234                __retarget_lock_acquire_recursive
 .text.__retarget_lock_release_recursive
                0x0000000008006236        0x2 /opt/st/stm32cubeide_1.9.0/plugins/com.st.stm32cube.ide.mcu.externaltools.gnu-tools-for-stm32.10.3-2021.10.linux64_1.0.0.202111181127/tools/bin/../lib/gcc/arm-none-eabi/10.3.1/../../../../arm-none-eabi/lib/thumb/v7-m/nofp/libc_nano.a(lib_a-lock.o)
                0x0000000008006236                __retarget_lock_release_recursive
 *(.glue_7)
 .glue_7        0x0000000008006238        0x0 linker stubs
 *(.glue_7t)
 .glue_7t       0x0000000008006238        0x0 linker stubs
 *(.eh_frame)
 .eh_frame      0x0000000008006238        0x0 /opt/st/stm32cubeide_1.9.0/plugins/com.st.stm32cube.ide.mcu.externaltools.gnu-tools-for-stm32.10.3-2021.10.linux64_1.0.0.202111181127/tools/bin/../lib/gcc/arm-none-eabi/10.3.1/thumb/v7-m/nofp/crtbegin.o
 *(.init)
 .init          0x0000000008006238        0x4 /opt/st/stm32cubeide_1.9.0/plugins/com.st.stm32cube.ide.mcu.externaltools.gnu-tools-for-stm32.10.3-2021.10.linux64_1.0.0.202111181127/tools/bin/../lib/gcc/arm-none-eabi/10.3.1/thumb/v7-m/nofp/crti.o
                0x0000000008006238                _init
 .init          0x000000000800623c        0x8 /opt/st/stm32cubeide_1.9.0/plugins/com.st.stm32cube.ide.mcu.externaltools.gnu-tools-for-stm32.10.3-2021.10.linux64_1.0.0.202111181127/tools/bin/../lib/gcc/arm-none-eabi/10.3.1/thumb/v7-m/nofp/crtn.o
 *(.fini)
 .fini          0x0000000008006244        0x4 /opt/st/stm32cubeide_1.9.0/plugins/com.st.stm32cube.ide.mcu.externaltools.gnu-tools-for-stm32.10.3-2021.10.linux64_1.0.0.202111181127/tools/bin/../lib/gcc/arm-none-eabi/10.3.1/thumb/v7-m/nofp/crti.o
                0x0000000008006244                _fini
 .fini          0x0000000008006248        0x8 /opt/st/stm32cubeide_1.9.0/plugins/com.st.stm32cube.ide.mcu.externaltools.gnu-tools-for-stm32.10.3-2021.10.linux64_1.0.0.202111181127/tools/bin/../lib/gcc/arm-none-eabi/10.3.1/thumb/v7-m/nofp/crtn.o
                0x0000000008006250                . = ALIGN (0x4)
                0x0000000008006250                _etext = .

.vfp11_veneer   0x0000000008006250        0x0
 .vfp11_veneer  0x0000000008006250        0x0 linker stubs

.v4_bx          0x0000000008006250        0x0
 .v4_bx         0x0000000008006250        0x0 linker stubs

.iplt           0x0000000008006250        0x0
 .iplt          0x0000000008006250        0x0 /opt/st/stm32cubeide_1.9.0/plugins/com.st.stm32cube.ide.mcu.externaltools.gnu-tools-for-stm32.10.3-2021.10.linux64_1.0.0.202111181127/tools/bin/../lib/gcc/arm-none-eabi/10.3.1/thumb/v7-m/nofp/crtbegin.o

.rodata         0x0000000008006250      0xa78
                0x0000000008006250                . = ALIGN (0x4)
 *(.rodata)
 .rodata        0x0000000008006250        0x4 ./Core/Src/ac.o
 .rodata        0x0000000008006254        0x2 ./Core/Src/cwlibx.o
 *fill*         0x0000000008006256        0x2 
 .rodata        0x0000000008006258       0x8c ./Core/Src/s_monitor.o
 .rodata        0x00000000080062e4       0x10 ./Drivers/STM32F1xx_HAL_Driver/Src/stm32f1xx_hal_rcc.o
 *(.rodata*)
 .rodata.AHBPrescTable
                0x00000000080062f4       0x10 ./Core/Src/system_stm32f1xx.o
                0x00000000080062f4                AHBPrescTable
 .rodata.APBPrescTable
                0x0000000008006304        0x8 ./Core/Src/system_stm32f1xx.o
                0x0000000008006304                APBPrescTable
 .rodata.u8g2_font_t0_11_mf
                0x000000000800630c      0x918 ./Core/Src/csrc/u8g2_fonts.o
                0x000000000800630c                u8g2_font_t0_11_mf
 .rodata.u8g2_cb_r0
                0x0000000008006c24        0xc ./Core/Src/csrc/u8g2_setup.o
                0x0000000008006c24                u8g2_cb_r0
 .rodata.u8x8_d_uc1604_powersave0_seq
                0x0000000008006c30        0xd ./Core/Src/csrc/u8x8_d_uc1604.o
 *fill*         0x0000000008006c3d        0x3 
 .rodata.u8x8_d_uc1604_powersave1_seq
                0x0000000008006c40        0x5 ./Core/Src/csrc/u8x8_d_uc1604.o
 *fill*         0x0000000008006c45        0x3 
 .rodata.u8x8_d_uc1604_flip0_seq
                0x0000000008006c48        0x5 ./Core/Src/csrc/u8x8_d_uc1604.o
 *fill*         0x0000000008006c4d        0x3 
 .rodata.u8x8_d_uc1604_flip1_seq
                0x0000000008006c50        0x5 ./Core/Src/csrc/u8x8_d_uc1604.o
 *fill*         0x0000000008006c55        0x3 
 .rodata.u8x8_uc1604_192x64_display_info
                0x0000000008006c58       0x18 ./Core/Src/csrc/u8x8_d_uc1604.o
 .rodata.u8x8_d_uc1604_jlx19264_init_seq
                0x0000000008006c70       0x23 ./Core/Src/csrc/u8x8_d_uc1604.o
 .rodata._svfprintf_r.str1.1
                0x0000000008006c93       0x11 /opt/st/stm32cubeide_1.9.0/plugins/com.st.stm32cube.ide.mcu.externaltools.gnu-tools-for-stm32.10.3-2021.10.linux64_1.0.0.202111181127/tools/bin/../lib/gcc/arm-none-eabi/10.3.1/../../../../arm-none-eabi/lib/thumb/v7-m/nofp/libc_nano.a(lib_a-nano-svfprintf.o)
 .rodata._printf_i.str1.1
                0x0000000008006ca4       0x22 /opt/st/stm32cubeide_1.9.0/plugins/com.st.stm32cube.ide.mcu.externaltools.gnu-tools-for-stm32.10.3-2021.10.linux64_1.0.0.202111181127/tools/bin/../lib/gcc/arm-none-eabi/10.3.1/../../../../arm-none-eabi/lib/thumb/v7-m/nofp/libc_nano.a(lib_a-nano-vfprintf_i.o)
                0x0000000008006cc8                . = ALIGN (0x4)
 *fill*         0x0000000008006cc6        0x2 

.rel.dyn        0x0000000008006cc8        0x0
 .rel.iplt      0x0000000008006cc8        0x0 /opt/st/stm32cubeide_1.9.0/plugins/com.st.stm32cube.ide.mcu.externaltools.gnu-tools-for-stm32.10.3-2021.10.linux64_1.0.0.202111181127/tools/bin/../lib/gcc/arm-none-eabi/10.3.1/thumb/v7-m/nofp/crtbegin.o

.ARM.extab      0x0000000008006cc8        0x0
                0x0000000008006cc8                . = ALIGN (0x4)
 *(.ARM.extab* .gnu.linkonce.armextab.*)
                0x0000000008006cc8                . = ALIGN (0x4)

.ARM            0x0000000008006cc8        0x0
                0x0000000008006cc8                . = ALIGN (0x4)
                0x0000000008006cc8                __exidx_start = .
 *(.ARM.exidx*)
                0x0000000008006cc8                __exidx_end = .
                0x0000000008006cc8                . = ALIGN (0x4)

.preinit_array  0x0000000008006cc8        0x0
                0x0000000008006cc8                . = ALIGN (0x4)
                0x0000000008006cc8                PROVIDE (__preinit_array_start = .)
 *(.preinit_array*)
                0x0000000008006cc8                PROVIDE (__preinit_array_end = .)
                0x0000000008006cc8                . = ALIGN (0x4)

.init_array     0x0000000008006cc8        0x4
                0x0000000008006cc8                . = ALIGN (0x4)
                0x0000000008006cc8                PROVIDE (__init_array_start = .)
 *(SORT_BY_NAME(.init_array.*))
 *(.init_array*)
 .init_array    0x0000000008006cc8        0x4 /opt/st/stm32cubeide_1.9.0/plugins/com.st.stm32cube.ide.mcu.externaltools.gnu-tools-for-stm32.10.3-2021.10.linux64_1.0.0.202111181127/tools/bin/../lib/gcc/arm-none-eabi/10.3.1/thumb/v7-m/nofp/crtbegin.o
                0x0000000008006ccc                PROVIDE (__init_array_end = .)
                0x0000000008006ccc                . = ALIGN (0x4)

.fini_array     0x0000000008006ccc        0x4
                0x0000000008006ccc                . = ALIGN (0x4)
                [!provide]                        PROVIDE (__fini_array_start = .)
 *(SORT_BY_NAME(.fini_array.*))
 *(.fini_array*)
 .fini_array    0x0000000008006ccc        0x4 /opt/st/stm32cubeide_1.9.0/plugins/com.st.stm32cube.ide.mcu.externaltools.gnu-tools-for-stm32.10.3-2021.10.linux64_1.0.0.202111181127/tools/bin/../lib/gcc/arm-none-eabi/10.3.1/thumb/v7-m/nofp/crtbegin.o
                [!provide]                        PROVIDE (__fini_array_end = .)
                0x0000000008006cd0                . = ALIGN (0x4)
                0x0000000008006cd0                _sidata = LOADADDR (.data)

.data           0x0000000020000000      0x2a0 load address 0x0000000008006cd0
                0x0000000020000000                . = ALIGN (0x4)
                0x0000000020000000                _sdata = .
 *(.data)
 *(.data*)
 .data.vc_bits  0x0000000020000000      0x228 ./Core/Src/cwlibx.o
 .data.vertical_bar_width
                0x0000000020000228        0x1 ./Core/Src/cwlibx.o
 *fill*         0x0000000020000229        0x3 
 .data.ddp      0x000000002000022c        0x2 ./Core/Src/s_monitor.o
 *fill*         0x000000002000022e        0x2 
 .data.SystemCoreClock
                0x0000000020000230        0x4 ./Core/Src/system_stm32f1xx.o
                0x0000000020000230                SystemCoreClock
 .data.uwTickPrio
                0x0000000020000234        0x4 ./Drivers/STM32F1xx_HAL_Driver/Src/stm32f1xx_hal.o
                0x0000000020000234                uwTickPrio
 .data.uwTickFreq
                0x0000000020000238        0x1 ./Drivers/STM32F1xx_HAL_Driver/Src/stm32f1xx_hal.o
                0x0000000020000238                uwTickFreq
 *fill*         0x0000000020000239        0x3 
 .data._impure_ptr
                0x000000002000023c        0x4 /opt/st/stm32cubeide_1.9.0/plugins/com.st.stm32cube.ide.mcu.externaltools.gnu-tools-for-stm32.10.3-2021.10.linux64_1.0.0.202111181127/tools/bin/../lib/gcc/arm-none-eabi/10.3.1/../../../../arm-none-eabi/lib/thumb/v7-m/nofp/libc_nano.a(lib_a-impure.o)
                0x000000002000023c                _impure_ptr
 .data.impure_data
                0x0000000020000240       0x60 /opt/st/stm32cubeide_1.9.0/plugins/com.st.stm32cube.ide.mcu.externaltools.gnu-tools-for-stm32.10.3-2021.10.linux64_1.0.0.202111181127/tools/bin/../lib/gcc/arm-none-eabi/10.3.1/../../../../arm-none-eabi/lib/thumb/v7-m/nofp/libc_nano.a(lib_a-impure.o)
 *(.RamFunc)
 *(.RamFunc*)
                0x00000000200002a0                . = ALIGN (0x4)
                0x00000000200002a0                _edata = .

.igot.plt       0x00000000200002a0        0x0 load address 0x0000000008006f70
 .igot.plt      0x00000000200002a0        0x0 /opt/st/stm32cubeide_1.9.0/plugins/com.st.stm32cube.ide.mcu.externaltools.gnu-tools-for-stm32.10.3-2021.10.linux64_1.0.0.202111181127/tools/bin/../lib/gcc/arm-none-eabi/10.3.1/thumb/v7-m/nofp/crtbegin.o
                0x00000000200002a0                . = ALIGN (0x4)

.bss            0x00000000200002a0      0x884 load address 0x0000000008006f70
                0x00000000200002a0                _sbss = .
                0x00000000200002a0                __bss_start__ = _sbss
 *(.bss)
 .bss           0x00000000200002a0       0x1c /opt/st/stm32cubeide_1.9.0/plugins/com.st.stm32cube.ide.mcu.externaltools.gnu-tools-for-stm32.10.3-2021.10.linux64_1.0.0.202111181127/tools/bin/../lib/gcc/arm-none-eabi/10.3.1/thumb/v7-m/nofp/crtbegin.o
 *(.bss*)
 .bss.u8g2      0x00000000200002bc       0x94 ./Core/Src/ac.o
                0x00000000200002bc                u8g2
 .bss.text_invertion
                0x0000000020000350        0x1 ./Core/Src/cwlibx.o
 .bss.text_wrap
                0x0000000020000351        0x1 ./Core/Src/cwlibx.o
 *fill*         0x0000000020000352        0x2 
 .bss.cursor    0x0000000020000354        0x2 ./Core/Src/cwlibx.o
 *fill*         0x0000000020000356        0x2 
 .bss.hspi1     0x0000000020000358       0x58 ./Core/Src/main.o
                0x0000000020000358                hspi1
 .bss.htim2     0x00000000200003b0       0x48 ./Core/Src/main.o
                0x00000000200003b0                htim2
 .bss.huart1    0x00000000200003f8       0x44 ./Core/Src/main.o
                0x00000000200003f8                huart1
 .bss.cmd       0x000000002000043c       0x64 ./Core/Src/s_monitor.o
                0x000000002000043c                cmd
 .bss.ans       0x00000000200004a0       0x64 ./Core/Src/s_monitor.o
                0x00000000200004a0                ans
 .bss.size      0x0000000020000504        0x4 ./Core/Src/s_monitor.o
                0x0000000020000504                size
 .bss.new_cmd   0x0000000020000508        0x1 ./Core/Src/s_monitor.o
                0x0000000020000508                new_cmd
 *fill*         0x0000000020000509        0x3 
 .bss.__sbrk_heap_end
                0x000000002000050c        0x4 ./Core/Src/sysmem.o
 .bss.buf.81    0x0000000020000510      0x600 ./Core/Src/csrc/u8g2_d_memory.o
 .bss.uwTick    0x0000000020000b10        0x4 ./Drivers/STM32F1xx_HAL_Driver/Src/stm32f1xx_hal.o
                0x0000000020000b10                uwTick
 .bss.__malloc_free_list
                0x0000000020000b14        0x4 /opt/st/stm32cubeide_1.9.0/plugins/com.st.stm32cube.ide.mcu.externaltools.gnu-tools-for-stm32.10.3-2021.10.linux64_1.0.0.202111181127/tools/bin/../lib/gcc/arm-none-eabi/10.3.1/../../../../arm-none-eabi/lib/thumb/v7-m/nofp/libc_nano.a(lib_a-nano-mallocr.o)
                0x0000000020000b14                __malloc_free_list
 .bss.__malloc_sbrk_start
                0x0000000020000b18        0x4 /opt/st/stm32cubeide_1.9.0/plugins/com.st.stm32cube.ide.mcu.externaltools.gnu-tools-for-stm32.10.3-2021.10.linux64_1.0.0.202111181127/tools/bin/../lib/gcc/arm-none-eabi/10.3.1/../../../../arm-none-eabi/lib/thumb/v7-m/nofp/libc_nano.a(lib_a-nano-mallocr.o)
                0x0000000020000b18                __malloc_sbrk_start
 .bss.errno     0x0000000020000b1c        0x4 /opt/st/stm32cubeide_1.9.0/plugins/com.st.stm32cube.ide.mcu.externaltools.gnu-tools-for-stm32.10.3-2021.10.linux64_1.0.0.202111181127/tools/bin/../lib/gcc/arm-none-eabi/10.3.1/../../../../arm-none-eabi/lib/thumb/v7-m/nofp/libc_nano.a(lib_a-reent.o)
                0x0000000020000b1c                errno
 .bss.__lock___malloc_recursive_mutex
                0x0000000020000b20        0x1 /opt/st/stm32cubeide_1.9.0/plugins/com.st.stm32cube.ide.mcu.externaltools.gnu-tools-for-stm32.10.3-2021.10.linux64_1.0.0.202111181127/tools/bin/../lib/gcc/arm-none-eabi/10.3.1/../../../../arm-none-eabi/lib/thumb/v7-m/nofp/libc_nano.a(lib_a-lock.o)
                0x0000000020000b20                __lock___malloc_recursive_mutex
 *(COMMON)
                0x0000000020000b24                . = ALIGN (0x4)
 *fill*         0x0000000020000b21        0x3 
                0x0000000020000b24                _ebss = .
                0x0000000020000b24                __bss_end__ = _ebss

._user_heap_stack
                0x0000000020000b24      0x604 load address 0x0000000008006f70
                0x0000000020000b28                . = ALIGN (0x8)
 *fill*         0x0000000020000b24        0x4 
                [!provide]                        PROVIDE (end = .)
                0x0000000020000b28                PROVIDE (_end = .)
                0x0000000020000d28                . = (. + _Min_Heap_Size)
 *fill*         0x0000000020000b28      0x200 
                0x0000000020001128                . = (. + _Min_Stack_Size)
 *fill*         0x0000000020000d28      0x400 
                0x0000000020001128                . = ALIGN (0x8)

/DISCARD/
 libc.a(*)
 libm.a(*)
 libgcc.a(*)

.ARM.attributes
                0x0000000000000000       0x29
 *(.ARM.attributes)
 .ARM.attributes
                0x0000000000000000       0x1d /opt/st/stm32cubeide_1.9.0/plugins/com.st.stm32cube.ide.mcu.externaltools.gnu-tools-for-stm32.10.3-2021.10.linux64_1.0.0.202111181127/tools/bin/../lib/gcc/arm-none-eabi/10.3.1/thumb/v7-m/nofp/crti.o
 .ARM.attributes
                0x000000000000001d       0x2d /opt/st/stm32cubeide_1.9.0/plugins/com.st.stm32cube.ide.mcu.externaltools.gnu-tools-for-stm32.10.3-2021.10.linux64_1.0.0.202111181127/tools/bin/../lib/gcc/arm-none-eabi/10.3.1/thumb/v7-m/nofp/crtbegin.o
 .ARM.attributes
                0x000000000000004a       0x2d ./Core/Src/ac.o
 .ARM.attributes
                0x0000000000000077       0x2d ./Core/Src/cwlibx.o
 .ARM.attributes
                0x00000000000000a4       0x2d ./Core/Src/main.o
 .ARM.attributes
                0x00000000000000d1       0x2d ./Core/Src/s_monitor.o
 .ARM.attributes
                0x00000000000000fe       0x2d ./Core/Src/stm32f1xx_hal_msp.o
 .ARM.attributes
                0x000000000000012b       0x2d ./Core/Src/stm32f1xx_it.o
 .ARM.attributes
                0x0000000000000158       0x2d ./Core/Src/sysmem.o
 .ARM.attributes
                0x0000000000000185       0x2d ./Core/Src/system_stm32f1xx.o
 .ARM.attributes
                0x00000000000001b2       0x2d ./Core/Src/csrc/u8g2_bitmap.o
 .ARM.attributes
                0x00000000000001df       0x2d ./Core/Src/csrc/u8g2_box.o
 .ARM.attributes
                0x000000000000020c       0x2d ./Core/Src/csrc/u8g2_buffer.o
 .ARM.attributes
                0x0000000000000239       0x2d ./Core/Src/csrc/u8g2_button.o
 .ARM.attributes
                0x0000000000000266       0x2d ./Core/Src/csrc/u8g2_cleardisplay.o
 .ARM.attributes
                0x0000000000000293       0x2d ./Core/Src/csrc/u8g2_d_memory.o
 .ARM.attributes
                0x00000000000002c0       0x2d ./Core/Src/csrc/u8g2_d_setup.o
 .ARM.attributes
                0x00000000000002ed       0x2d ./Core/Src/csrc/u8g2_font.o
 .ARM.attributes
                0x000000000000031a       0x2d ./Core/Src/csrc/u8g2_fonts.o
 .ARM.attributes
                0x0000000000000347       0x2d ./Core/Src/csrc/u8g2_hvline.o
 .ARM.attributes
                0x0000000000000374       0x2d ./Core/Src/csrc/u8g2_intersection.o
 .ARM.attributes
                0x00000000000003a1       0x2d ./Core/Src/csrc/u8g2_ll_hvline.o
 .ARM.attributes
                0x00000000000003ce       0x2d ./Core/Src/csrc/u8g2_setup.o
 .ARM.attributes
                0x00000000000003fb       0x2d ./Core/Src/csrc/u8x8_8x8.o
 .ARM.attributes
                0x0000000000000428       0x2d ./Core/Src/csrc/u8x8_byte.o
 .ARM.attributes
                0x0000000000000455       0x2d ./Core/Src/csrc/u8x8_cad.o
 .ARM.attributes
                0x0000000000000482       0x2d ./Core/Src/csrc/u8x8_d_uc1604.o
 .ARM.attributes
                0x00000000000004af       0x2d ./Core/Src/csrc/u8x8_display.o
 .ARM.attributes
                0x00000000000004dc       0x2d ./Core/Src/csrc/u8x8_gpio.o
 .ARM.attributes
                0x0000000000000509       0x2d ./Core/Src/csrc/u8x8_setup.o
 .ARM.attributes
                0x0000000000000536       0x21 ./Core/Startup/startup_stm32f103c6tx.o
 .ARM.attributes
                0x0000000000000557       0x2d ./Drivers/STM32F1xx_HAL_Driver/Src/stm32f1xx_hal.o
 .ARM.attributes
                0x0000000000000584       0x2d ./Drivers/STM32F1xx_HAL_Driver/Src/stm32f1xx_hal_cortex.o
 .ARM.attributes
                0x00000000000005b1       0x2d ./Drivers/STM32F1xx_HAL_Driver/Src/stm32f1xx_hal_gpio.o
 .ARM.attributes
                0x00000000000005de       0x2d ./Drivers/STM32F1xx_HAL_Driver/Src/stm32f1xx_hal_rcc.o
 .ARM.attributes
                0x000000000000060b       0x2d ./Drivers/STM32F1xx_HAL_Driver/Src/stm32f1xx_hal_spi.o
 .ARM.attributes
                0x0000000000000638       0x2d ./Drivers/STM32F1xx_HAL_Driver/Src/stm32f1xx_hal_tim.o
 .ARM.attributes
                0x0000000000000665       0x2d ./Drivers/STM32F1xx_HAL_Driver/Src/stm32f1xx_hal_tim_ex.o
 .ARM.attributes
                0x0000000000000692       0x2d ./Drivers/STM32F1xx_HAL_Driver/Src/stm32f1xx_hal_uart.o
 .ARM.attributes
                0x00000000000006bf       0x2d /opt/st/stm32cubeide_1.9.0/plugins/com.st.stm32cube.ide.mcu.externaltools.gnu-tools-for-stm32.10.3-2021.10.linux64_1.0.0.202111181127/tools/bin/../lib/gcc/arm-none-eabi/10.3.1/../../../../arm-none-eabi/lib/thumb/v7-m/nofp/libc_nano.a(lib_a-errno.o)
 .ARM.attributes
                0x00000000000006ec       0x2d /opt/st/stm32cubeide_1.9.0/plugins/com.st.stm32cube.ide.mcu.externaltools.gnu-tools-for-stm32.10.3-2021.10.linux64_1.0.0.202111181127/tools/bin/../lib/gcc/arm-none-eabi/10.3.1/../../../../arm-none-eabi/lib/thumb/v7-m/nofp/libc_nano.a(lib_a-impure.o)
 .ARM.attributes
                0x0000000000000719       0x2d /opt/st/stm32cubeide_1.9.0/plugins/com.st.stm32cube.ide.mcu.externaltools.gnu-tools-for-stm32.10.3-2021.10.linux64_1.0.0.202111181127/tools/bin/../lib/gcc/arm-none-eabi/10.3.1/../../../../arm-none-eabi/lib/thumb/v7-m/nofp/libc_nano.a(lib_a-init.o)
 .ARM.attributes
                0x0000000000000746       0x2d /opt/st/stm32cubeide_1.9.0/plugins/com.st.stm32cube.ide.mcu.externaltools.gnu-tools-for-stm32.10.3-2021.10.linux64_1.0.0.202111181127/tools/bin/../lib/gcc/arm-none-eabi/10.3.1/../../../../arm-none-eabi/lib/thumb/v7-m/nofp/libc_nano.a(lib_a-memset.o)
 .ARM.attributes
                0x0000000000000773       0x2d /opt/st/stm32cubeide_1.9.0/plugins/com.st.stm32cube.ide.mcu.externaltools.gnu-tools-for-stm32.10.3-2021.10.linux64_1.0.0.202111181127/tools/bin/../lib/gcc/arm-none-eabi/10.3.1/../../../../arm-none-eabi/lib/thumb/v7-m/nofp/libc_nano.a(lib_a-snprintf.o)
 .ARM.attributes
                0x00000000000007a0       0x17 /opt/st/stm32cubeide_1.9.0/plugins/com.st.stm32cube.ide.mcu.externaltools.gnu-tools-for-stm32.10.3-2021.10.linux64_1.0.0.202111181127/tools/bin/../lib/gcc/arm-none-eabi/10.3.1/../../../../arm-none-eabi/lib/thumb/v7-m/nofp/libc_nano.a(lib_a-strlen.o)
 .ARM.attributes
                0x00000000000007b7       0x2d /opt/st/stm32cubeide_1.9.0/plugins/com.st.stm32cube.ide.mcu.externaltools.gnu-tools-for-stm32.10.3-2021.10.linux64_1.0.0.202111181127/tools/bin/../lib/gcc/arm-none-eabi/10.3.1/../../../../arm-none-eabi/lib/thumb/v7-m/nofp/libc_nano.a(lib_a-strncmp.o)
 .ARM.attributes
                0x00000000000007e4       0x2d /opt/st/stm32cubeide_1.9.0/plugins/com.st.stm32cube.ide.mcu.externaltools.gnu-tools-for-stm32.10.3-2021.10.linux64_1.0.0.202111181127/tools/bin/../lib/gcc/arm-none-eabi/10.3.1/../../../../arm-none-eabi/lib/thumb/v7-m/nofp/libc_nano.a(lib_a-nano-svfprintf.o)
 .ARM.attributes
                0x0000000000000811       0x2d /opt/st/stm32cubeide_1.9.0/plugins/com.st.stm32cube.ide.mcu.externaltools.gnu-tools-for-stm32.10.3-2021.10.linux64_1.0.0.202111181127/tools/bin/../lib/gcc/arm-none-eabi/10.3.1/../../../../arm-none-eabi/lib/thumb/v7-m/nofp/libc_nano.a(lib_a-nano-vfprintf_i.o)
 .ARM.attributes
                0x000000000000083e       0x2d /opt/st/stm32cubeide_1.9.0/plugins/com.st.stm32cube.ide.mcu.externaltools.gnu-tools-for-stm32.10.3-2021.10.linux64_1.0.0.202111181127/tools/bin/../lib/gcc/arm-none-eabi/10.3.1/../../../../arm-none-eabi/lib/thumb/v7-m/nofp/libc_nano.a(lib_a-memchr-stub.o)
 .ARM.attributes
                0x000000000000086b       0x2d /opt/st/stm32cubeide_1.9.0/plugins/com.st.stm32cube.ide.mcu.externaltools.gnu-tools-for-stm32.10.3-2021.10.linux64_1.0.0.202111181127/tools/bin/../lib/gcc/arm-none-eabi/10.3.1/../../../../arm-none-eabi/lib/thumb/v7-m/nofp/libc_nano.a(lib_a-memcpy-stub.o)
 .ARM.attributes
                0x0000000000000898       0x2d /opt/st/stm32cubeide_1.9.0/plugins/com.st.stm32cube.ide.mcu.externaltools.gnu-tools-for-stm32.10.3-2021.10.linux64_1.0.0.202111181127/tools/bin/../lib/gcc/arm-none-eabi/10.3.1/../../../../arm-none-eabi/lib/thumb/v7-m/nofp/libc_nano.a(lib_a-memmove.o)
 .ARM.attributes
                0x00000000000008c5       0x2d /opt/st/stm32cubeide_1.9.0/plugins/com.st.stm32cube.ide.mcu.externaltools.gnu-tools-for-stm32.10.3-2021.10.linux64_1.0.0.202111181127/tools/bin/../lib/gcc/arm-none-eabi/10.3.1/../../../../arm-none-eabi/lib/thumb/v7-m/nofp/libc_nano.a(lib_a-nano-freer.o)
 .ARM.attributes
                0x00000000000008f2       0x2d /opt/st/stm32cubeide_1.9.0/plugins/com.st.stm32cube.ide.mcu.externaltools.gnu-tools-for-stm32.10.3-2021.10.linux64_1.0.0.202111181127/tools/bin/../lib/gcc/arm-none-eabi/10.3.1/../../../../arm-none-eabi/lib/thumb/v7-m/nofp/libc_nano.a(lib_a-nano-mallocr.o)
 .ARM.attributes
                0x000000000000091f       0x2d /opt/st/stm32cubeide_1.9.0/plugins/com.st.stm32cube.ide.mcu.externaltools.gnu-tools-for-stm32.10.3-2021.10.linux64_1.0.0.202111181127/tools/bin/../lib/gcc/arm-none-eabi/10.3.1/../../../../arm-none-eabi/lib/thumb/v7-m/nofp/libc_nano.a(lib_a-nano-reallocr.o)
 .ARM.attributes
                0x000000000000094c       0x2d /opt/st/stm32cubeide_1.9.0/plugins/com.st.stm32cube.ide.mcu.externaltools.gnu-tools-for-stm32.10.3-2021.10.linux64_1.0.0.202111181127/tools/bin/../lib/gcc/arm-none-eabi/10.3.1/../../../../arm-none-eabi/lib/thumb/v7-m/nofp/libc_nano.a(lib_a-sbrkr.o)
 .ARM.attributes
                0x0000000000000979       0x2d /opt/st/stm32cubeide_1.9.0/plugins/com.st.stm32cube.ide.mcu.externaltools.gnu-tools-for-stm32.10.3-2021.10.linux64_1.0.0.202111181127/tools/bin/../lib/gcc/arm-none-eabi/10.3.1/../../../../arm-none-eabi/lib/thumb/v7-m/nofp/libc_nano.a(lib_a-mlock.o)
 .ARM.attributes
                0x00000000000009a6       0x2d /opt/st/stm32cubeide_1.9.0/plugins/com.st.stm32cube.ide.mcu.externaltools.gnu-tools-for-stm32.10.3-2021.10.linux64_1.0.0.202111181127/tools/bin/../lib/gcc/arm-none-eabi/10.3.1/../../../../arm-none-eabi/lib/thumb/v7-m/nofp/libc_nano.a(lib_a-nano-msizer.o)
 .ARM.attributes
                0x00000000000009d3       0x2d /opt/st/stm32cubeide_1.9.0/plugins/com.st.stm32cube.ide.mcu.externaltools.gnu-tools-for-stm32.10.3-2021.10.linux64_1.0.0.202111181127/tools/bin/../lib/gcc/arm-none-eabi/10.3.1/../../../../arm-none-eabi/lib/thumb/v7-m/nofp/libc_nano.a(lib_a-reent.o)
 .ARM.attributes
                0x0000000000000a00       0x2d /opt/st/stm32cubeide_1.9.0/plugins/com.st.stm32cube.ide.mcu.externaltools.gnu-tools-for-stm32.10.3-2021.10.linux64_1.0.0.202111181127/tools/bin/../lib/gcc/arm-none-eabi/10.3.1/../../../../arm-none-eabi/lib/thumb/v7-m/nofp/libc_nano.a(lib_a-lock.o)
 .ARM.attributes
                0x0000000000000a2d       0x1d /opt/st/stm32cubeide_1.9.0/plugins/com.st.stm32cube.ide.mcu.externaltools.gnu-tools-for-stm32.10.3-2021.10.linux64_1.0.0.202111181127/tools/bin/../lib/gcc/arm-none-eabi/10.3.1/thumb/v7-m/nofp/crtn.o
OUTPUT(nano_display_jxl19264.elf elf32-littlearm)
LOAD linker stubs
LOAD /opt/st/stm32cubeide_1.9.0/plugins/com.st.stm32cube.ide.mcu.externaltools.gnu-tools-for-stm32.10.3-2021.10.linux64_1.0.0.202111181127/tools/bin/../lib/gcc/arm-none-eabi/10.3.1/../../../../arm-none-eabi/lib/thumb/v7-m/nofp/libc.a
LOAD /opt/st/stm32cubeide_1.9.0/plugins/com.st.stm32cube.ide.mcu.externaltools.gnu-tools-for-stm32.10.3-2021.10.linux64_1.0.0.202111181127/tools/bin/../lib/gcc/arm-none-eabi/10.3.1/../../../../arm-none-eabi/lib/thumb/v7-m/nofp/libm.a
LOAD /opt/st/stm32cubeide_1.9.0/plugins/com.st.stm32cube.ide.mcu.externaltools.gnu-tools-for-stm32.10.3-2021.10.linux64_1.0.0.202111181127/tools/bin/../lib/gcc/arm-none-eabi/10.3.1/thumb/v7-m/nofp/libgcc.a

.debug_info     0x0000000000000000    0x35e2a
 .debug_info    0x0000000000000000     0x1601 ./Core/Src/ac.o
 .debug_info    0x0000000000001601      0xe5a ./Core/Src/cwlibx.o
 .debug_info    0x000000000000245b     0x126b ./Core/Src/main.o
 .debug_info    0x00000000000036c6      0xa3d ./Core/Src/s_monitor.o
 .debug_info    0x0000000000004103     0x106c ./Core/Src/stm32f1xx_hal_msp.o
 .debug_info    0x000000000000516f      0x74e ./Core/Src/stm32f1xx_it.o
 .debug_info    0x00000000000058bd      0x16d ./Core/Src/sysmem.o
 .debug_info    0x0000000000005a2a      0x239 ./Core/Src/system_stm32f1xx.o
 .debug_info    0x0000000000005c63      0xbca ./Core/Src/csrc/u8g2_bitmap.o
 .debug_info    0x000000000000682d      0xb7f ./Core/Src/csrc/u8g2_box.o
 .debug_info    0x00000000000073ac      0xcfb ./Core/Src/csrc/u8g2_buffer.o
 .debug_info    0x00000000000080a7      0xb2b ./Core/Src/csrc/u8g2_button.o
 .debug_info    0x0000000000008bd2      0x8a8 ./Core/Src/csrc/u8g2_cleardisplay.o
 .debug_info    0x000000000000947a     0x2a80 ./Core/Src/csrc/u8g2_d_memory.o
 .debug_info    0x000000000000befa     0x3347 ./Core/Src/csrc/u8g2_d_setup.o
 .debug_info    0x000000000000f241     0x18a1 ./Core/Src/csrc/u8g2_font.o
 .debug_info    0x0000000000010ae2    0x16019 ./Core/Src/csrc/u8g2_fonts.o
 .debug_info    0x0000000000026afb      0xa85 ./Core/Src/csrc/u8g2_hvline.o
 .debug_info    0x0000000000027580      0x8f5 ./Core/Src/csrc/u8g2_intersection.o
 .debug_info    0x0000000000027e75      0x9a1 ./Core/Src/csrc/u8g2_ll_hvline.o
 .debug_info    0x0000000000028816     0x1091 ./Core/Src/csrc/u8g2_setup.o
 .debug_info    0x00000000000298a7      0xc7a ./Core/Src/csrc/u8x8_8x8.o
 .debug_info    0x000000000002a521      0xaea ./Core/Src/csrc/u8x8_byte.o
 .debug_info    0x000000000002b00b      0xcb2 ./Core/Src/csrc/u8x8_cad.o
 .debug_info    0x000000000002bcbd      0x61a ./Core/Src/csrc/u8x8_d_uc1604.o
 .debug_info    0x000000000002c2d7      0x6ff ./Core/Src/csrc/u8x8_display.o
 .debug_info    0x000000000002c9d6      0x3b1 ./Core/Src/csrc/u8x8_gpio.o
 .debug_info    0x000000000002cd87      0x4f3 ./Core/Src/csrc/u8x8_setup.o
 .debug_info    0x000000000002d27a       0x22 ./Core/Startup/startup_stm32f103c6tx.o
 .debug_info    0x000000000002d29c      0x712 ./Drivers/STM32F1xx_HAL_Driver/Src/stm32f1xx_hal.o
 .debug_info    0x000000000002d9ae      0xafe ./Drivers/STM32F1xx_HAL_Driver/Src/stm32f1xx_hal_cortex.o
 .debug_info    0x000000000002e4ac      0x611 ./Drivers/STM32F1xx_HAL_Driver/Src/stm32f1xx_hal_gpio.o
 .debug_info    0x000000000002eabd      0x85c ./Drivers/STM32F1xx_HAL_Driver/Src/stm32f1xx_hal_rcc.o
 .debug_info    0x000000000002f319     0x1654 ./Drivers/STM32F1xx_HAL_Driver/Src/stm32f1xx_hal_spi.o
 .debug_info    0x000000000003096d     0x29da ./Drivers/STM32F1xx_HAL_Driver/Src/stm32f1xx_hal_tim.o
 .debug_info    0x0000000000033347     0x150f ./Drivers/STM32F1xx_HAL_Driver/Src/stm32f1xx_hal_tim_ex.o
 .debug_info    0x0000000000034856     0x15d4 ./Drivers/STM32F1xx_HAL_Driver/Src/stm32f1xx_hal_uart.o

.debug_abbrev   0x0000000000000000     0x4205
 .debug_abbrev  0x0000000000000000      0x295 ./Core/Src/ac.o
 .debug_abbrev  0x0000000000000295      0x2e4 ./Core/Src/cwlibx.o
 .debug_abbrev  0x0000000000000579      0x2b7 ./Core/Src/main.o
 .debug_abbrev  0x0000000000000830      0x288 ./Core/Src/s_monitor.o
 .debug_abbrev  0x0000000000000ab8      0x1c2 ./Core/Src/stm32f1xx_hal_msp.o
 .debug_abbrev  0x0000000000000c7a      0x1a9 ./Core/Src/stm32f1xx_it.o
 .debug_abbrev  0x0000000000000e23       0xb8 ./Core/Src/sysmem.o
 .debug_abbrev  0x0000000000000edb      0x138 ./Core/Src/system_stm32f1xx.o
 .debug_abbrev  0x0000000000001013      0x175 ./Core/Src/csrc/u8g2_bitmap.o
 .debug_abbrev  0x0000000000001188      0x189 ./Core/Src/csrc/u8g2_box.o
 .debug_abbrev  0x0000000000001311      0x1c4 ./Core/Src/csrc/u8g2_buffer.o
 .debug_abbrev  0x00000000000014d5      0x17e ./Core/Src/csrc/u8g2_button.o
 .debug_abbrev  0x0000000000001653      0x126 ./Core/Src/csrc/u8g2_cleardisplay.o
 .debug_abbrev  0x0000000000001779       0xf9 ./Core/Src/csrc/u8g2_d_memory.o
 .debug_abbrev  0x0000000000001872      0x1b3 ./Core/Src/csrc/u8g2_d_setup.o
 .debug_abbrev  0x0000000000001a25      0x2cb ./Core/Src/csrc/u8g2_font.o
 .debug_abbrev  0x0000000000001cf0       0xab ./Core/Src/csrc/u8g2_fonts.o
 .debug_abbrev  0x0000000000001d9b      0x156 ./Core/Src/csrc/u8g2_hvline.o
 .debug_abbrev  0x0000000000001ef1      0x12b ./Core/Src/csrc/u8g2_intersection.o
 .debug_abbrev  0x000000000000201c      0x149 ./Core/Src/csrc/u8g2_ll_hvline.o
 .debug_abbrev  0x0000000000002165      0x24d ./Core/Src/csrc/u8g2_setup.o
 .debug_abbrev  0x00000000000023b2      0x242 ./Core/Src/csrc/u8x8_8x8.o
 .debug_abbrev  0x00000000000025f4      0x1ef ./Core/Src/csrc/u8x8_byte.o
 .debug_abbrev  0x00000000000027e3      0x20a ./Core/Src/csrc/u8x8_cad.o
 .debug_abbrev  0x00000000000029ed      0x173 ./Core/Src/csrc/u8x8_d_uc1604.o
 .debug_abbrev  0x0000000000002b60      0x176 ./Core/Src/csrc/u8x8_display.o
 .debug_abbrev  0x0000000000002cd6       0xe2 ./Core/Src/csrc/u8x8_gpio.o
 .debug_abbrev  0x0000000000002db8      0x160 ./Core/Src/csrc/u8x8_setup.o
 .debug_abbrev  0x0000000000002f18       0x12 ./Core/Startup/startup_stm32f103c6tx.o
 .debug_abbrev  0x0000000000002f2a      0x1f8 ./Drivers/STM32F1xx_HAL_Driver/Src/stm32f1xx_hal.o
 .debug_abbrev  0x0000000000003122      0x2ea ./Drivers/STM32F1xx_HAL_Driver/Src/stm32f1xx_hal_cortex.o
 .debug_abbrev  0x000000000000340c      0x1b8 ./Drivers/STM32F1xx_HAL_Driver/Src/stm32f1xx_hal_gpio.o
 .debug_abbrev  0x00000000000035c4      0x2a5 ./Drivers/STM32F1xx_HAL_Driver/Src/stm32f1xx_hal_rcc.o
 .debug_abbrev  0x0000000000003869      0x26b ./Drivers/STM32F1xx_HAL_Driver/Src/stm32f1xx_hal_spi.o
 .debug_abbrev  0x0000000000003ad4      0x25a ./Drivers/STM32F1xx_HAL_Driver/Src/stm32f1xx_hal_tim.o
 .debug_abbrev  0x0000000000003d2e      0x262 ./Drivers/STM32F1xx_HAL_Driver/Src/stm32f1xx_hal_tim_ex.o
 .debug_abbrev  0x0000000000003f90      0x275 ./Drivers/STM32F1xx_HAL_Driver/Src/stm32f1xx_hal_uart.o

.debug_aranges  0x0000000000000000     0x1df0
 .debug_aranges
                0x0000000000000000       0x40 ./Core/Src/ac.o
 .debug_aranges
                0x0000000000000040       0xa8 ./Core/Src/cwlibx.o
 .debug_aranges
                0x00000000000000e8       0x50 ./Core/Src/main.o
 .debug_aranges
                0x0000000000000138       0x40 ./Core/Src/s_monitor.o
 .debug_aranges
                0x0000000000000178       0x50 ./Core/Src/stm32f1xx_hal_msp.o
 .debug_aranges
                0x00000000000001c8       0x80 ./Core/Src/stm32f1xx_it.o
 .debug_aranges
                0x0000000000000248       0x20 ./Core/Src/sysmem.o
 .debug_aranges
                0x0000000000000268       0x28 ./Core/Src/system_stm32f1xx.o
 .debug_aranges
                0x0000000000000290       0x50 ./Core/Src/csrc/u8g2_bitmap.o
 .debug_aranges
                0x00000000000002e0       0x38 ./Core/Src/csrc/u8g2_box.o
 .debug_aranges
                0x0000000000000318       0x80 ./Core/Src/csrc/u8g2_buffer.o
 .debug_aranges
                0x0000000000000398       0x28 ./Core/Src/csrc/u8g2_button.o
 .debug_aranges
                0x00000000000003c0       0x20 ./Core/Src/csrc/u8g2_cleardisplay.o
 .debug_aranges
                0x00000000000003e0      0x4e0 ./Core/Src/csrc/u8g2_d_memory.o
 .debug_aranges
                0x00000000000008c0      0x2a0 ./Core/Src/csrc/u8g2_d_setup.o
 .debug_aranges
                0x0000000000000b60      0x198 ./Core/Src/csrc/u8g2_font.o
 .debug_aranges
                0x0000000000000cf8       0x18 ./Core/Src/csrc/u8g2_fonts.o
 .debug_aranges
                0x0000000000000d10       0x50 ./Core/Src/csrc/u8g2_hvline.o
 .debug_aranges
                0x0000000000000d60       0x28 ./Core/Src/csrc/u8g2_intersection.o
 .debug_aranges
                0x0000000000000d88       0x28 ./Core/Src/csrc/u8g2_ll_hvline.o
 .debug_aranges
                0x0000000000000db0       0xc8 ./Core/Src/csrc/u8g2_setup.o
 .debug_aranges
                0x0000000000000e78       0xc8 ./Core/Src/csrc/u8x8_8x8.o
 .debug_aranges
                0x0000000000000f40       0xe0 ./Core/Src/csrc/u8x8_byte.o
 .debug_aranges
                0x0000000000001020       0xd0 ./Core/Src/csrc/u8x8_cad.o
 .debug_aranges
                0x00000000000010f0       0x28 ./Core/Src/csrc/u8x8_d_uc1604.o
 .debug_aranges
                0x0000000000001118       0x88 ./Core/Src/csrc/u8x8_display.o
 .debug_aranges
                0x00000000000011a0       0x20 ./Core/Src/csrc/u8x8_gpio.o
 .debug_aranges
                0x00000000000011c0       0x38 ./Core/Src/csrc/u8x8_setup.o
 .debug_aranges
                0x00000000000011f8       0x28 ./Core/Startup/startup_stm32f103c6tx.o
 .debug_aranges
                0x0000000000001220       0xe0 ./Drivers/STM32F1xx_HAL_Driver/Src/stm32f1xx_hal.o
 .debug_aranges
                0x0000000000001300      0x100 ./Drivers/STM32F1xx_HAL_Driver/Src/stm32f1xx_hal_cortex.o
 .debug_aranges
                0x0000000000001400       0x58 ./Drivers/STM32F1xx_HAL_Driver/Src/stm32f1xx_hal_gpio.o
 .debug_aranges
                0x0000000000001458       0x90 ./Drivers/STM32F1xx_HAL_Driver/Src/stm32f1xx_hal_rcc.o
 .debug_aranges
                0x00000000000014e8      0x1d0 ./Drivers/STM32F1xx_HAL_Driver/Src/stm32f1xx_hal_spi.o
 .debug_aranges
                0x00000000000016b8      0x3d0 ./Drivers/STM32F1xx_HAL_Driver/Src/stm32f1xx_hal_tim.o
 .debug_aranges
                0x0000000000001a88      0x168 ./Drivers/STM32F1xx_HAL_Driver/Src/stm32f1xx_hal_tim_ex.o
 .debug_aranges
                0x0000000000001bf0      0x200 ./Drivers/STM32F1xx_HAL_Driver/Src/stm32f1xx_hal_uart.o

.debug_ranges   0x0000000000000000     0x1be8
 .debug_ranges  0x0000000000000000       0x30 ./Core/Src/ac.o
 .debug_ranges  0x0000000000000030       0x98 ./Core/Src/cwlibx.o
 .debug_ranges  0x00000000000000c8       0x40 ./Core/Src/main.o
 .debug_ranges  0x0000000000000108       0x30 ./Core/Src/s_monitor.o
 .debug_ranges  0x0000000000000138       0x40 ./Core/Src/stm32f1xx_hal_msp.o
 .debug_ranges  0x0000000000000178       0x70 ./Core/Src/stm32f1xx_it.o
 .debug_ranges  0x00000000000001e8       0x10 ./Core/Src/sysmem.o
 .debug_ranges  0x00000000000001f8       0x18 ./Core/Src/system_stm32f1xx.o
 .debug_ranges  0x0000000000000210       0x40 ./Core/Src/csrc/u8g2_bitmap.o
 .debug_ranges  0x0000000000000250       0x28 ./Core/Src/csrc/u8g2_box.o
 .debug_ranges  0x0000000000000278       0x70 ./Core/Src/csrc/u8g2_buffer.o
 .debug_ranges  0x00000000000002e8       0x18 ./Core/Src/csrc/u8g2_button.o
 .debug_ranges  0x0000000000000300       0x10 ./Core/Src/csrc/u8g2_cleardisplay.o
 .debug_ranges  0x0000000000000310      0x4d0 ./Core/Src/csrc/u8g2_d_memory.o
 .debug_ranges  0x00000000000007e0      0x290 ./Core/Src/csrc/u8g2_d_setup.o
 .debug_ranges  0x0000000000000a70      0x1a0 ./Core/Src/csrc/u8g2_font.o
 .debug_ranges  0x0000000000000c10       0x40 ./Core/Src/csrc/u8g2_hvline.o
 .debug_ranges  0x0000000000000c50       0x18 ./Core/Src/csrc/u8g2_intersection.o
 .debug_ranges  0x0000000000000c68       0x18 ./Core/Src/csrc/u8g2_ll_hvline.o
 .debug_ranges  0x0000000000000c80       0xb8 ./Core/Src/csrc/u8g2_setup.o
 .debug_ranges  0x0000000000000d38       0xb8 ./Core/Src/csrc/u8x8_8x8.o
 .debug_ranges  0x0000000000000df0       0xd0 ./Core/Src/csrc/u8x8_byte.o
 .debug_ranges  0x0000000000000ec0       0xc0 ./Core/Src/csrc/u8x8_cad.o
 .debug_ranges  0x0000000000000f80       0x18 ./Core/Src/csrc/u8x8_d_uc1604.o
 .debug_ranges  0x0000000000000f98       0x78 ./Core/Src/csrc/u8x8_display.o
 .debug_ranges  0x0000000000001010       0x10 ./Core/Src/csrc/u8x8_gpio.o
 .debug_ranges  0x0000000000001020       0x28 ./Core/Src/csrc/u8x8_setup.o
 .debug_ranges  0x0000000000001048       0x20 ./Core/Startup/startup_stm32f103c6tx.o
 .debug_ranges  0x0000000000001068       0xd0 ./Drivers/STM32F1xx_HAL_Driver/Src/stm32f1xx_hal.o
 .debug_ranges  0x0000000000001138       0xf0 ./Drivers/STM32F1xx_HAL_Driver/Src/stm32f1xx_hal_cortex.o
 .debug_ranges  0x0000000000001228       0x48 ./Drivers/STM32F1xx_HAL_Driver/Src/stm32f1xx_hal_gpio.o
 .debug_ranges  0x0000000000001270       0x80 ./Drivers/STM32F1xx_HAL_Driver/Src/stm32f1xx_hal_rcc.o
 .debug_ranges  0x00000000000012f0      0x1c0 ./Drivers/STM32F1xx_HAL_Driver/Src/stm32f1xx_hal_spi.o
 .debug_ranges  0x00000000000014b0      0x3c0 ./Drivers/STM32F1xx_HAL_Driver/Src/stm32f1xx_hal_tim.o
 .debug_ranges  0x0000000000001870      0x158 ./Drivers/STM32F1xx_HAL_Driver/Src/stm32f1xx_hal_tim_ex.o
 .debug_ranges  0x00000000000019c8      0x220 ./Drivers/STM32F1xx_HAL_Driver/Src/stm32f1xx_hal_uart.o

.debug_line     0x0000000000000000    0x11bc8
 .debug_line    0x0000000000000000      0x38e ./Core/Src/ac.o
 .debug_line    0x000000000000038e      0x611 ./Core/Src/cwlibx.o
 .debug_line    0x000000000000099f      0x502 ./Core/Src/main.o
 .debug_line    0x0000000000000ea1      0x6ab ./Core/Src/s_monitor.o
 .debug_line    0x000000000000154c      0x3b0 ./Core/Src/stm32f1xx_hal_msp.o
 .debug_line    0x00000000000018fc      0x3c2 ./Core/Src/stm32f1xx_it.o
 .debug_line    0x0000000000001cbe      0x2ad ./Core/Src/sysmem.o
 .debug_line    0x0000000000001f6b      0x2b5 ./Core/Src/system_stm32f1xx.o
 .debug_line    0x0000000000002220      0x39d ./Core/Src/csrc/u8g2_bitmap.o
 .debug_line    0x00000000000025bd      0x2e3 ./Core/Src/csrc/u8g2_box.o
 .debug_line    0x00000000000028a0      0x55f ./Core/Src/csrc/u8g2_buffer.o
 .debug_line    0x0000000000002dff      0x2fa ./Core/Src/csrc/u8g2_button.o
 .debug_line    0x00000000000030f9      0x1fe ./Core/Src/csrc/u8g2_cleardisplay.o
 .debug_line    0x00000000000032f7     0x11cd ./Core/Src/csrc/u8g2_d_memory.o
 .debug_line    0x00000000000044c4      0xb47 ./Core/Src/csrc/u8g2_d_setup.o
 .debug_line    0x000000000000500b      0xc7d ./Core/Src/csrc/u8g2_font.o
 .debug_line    0x0000000000005c88      0x1c5 ./Core/Src/csrc/u8g2_fonts.o
 .debug_line    0x0000000000005e4d      0x34e ./Core/Src/csrc/u8g2_hvline.o
 .debug_line    0x000000000000619b      0x229 ./Core/Src/csrc/u8g2_intersection.o
 .debug_line    0x00000000000063c4      0x2e5 ./Core/Src/csrc/u8g2_ll_hvline.o
 .debug_line    0x00000000000066a9      0x6ab ./Core/Src/csrc/u8g2_setup.o
 .debug_line    0x0000000000006d54      0x717 ./Core/Src/csrc/u8x8_8x8.o
 .debug_line    0x000000000000746b      0x707 ./Core/Src/csrc/u8x8_byte.o
 .debug_line    0x0000000000007b72      0x8f5 ./Core/Src/csrc/u8x8_cad.o
 .debug_line    0x0000000000008467      0x287 ./Core/Src/csrc/u8x8_d_uc1604.o
 .debug_line    0x00000000000086ee      0x3a8 ./Core/Src/csrc/u8x8_display.o
 .debug_line    0x0000000000008a96      0x1de ./Core/Src/csrc/u8x8_gpio.o
 .debug_line    0x0000000000008c74      0x259 ./Core/Src/csrc/u8x8_setup.o
 .debug_line    0x0000000000008ecd       0x87 ./Core/Startup/startup_stm32f103c6tx.o
 .debug_line    0x0000000000008f54      0x562 ./Drivers/STM32F1xx_HAL_Driver/Src/stm32f1xx_hal.o
 .debug_line    0x00000000000094b6      0x6db ./Drivers/STM32F1xx_HAL_Driver/Src/stm32f1xx_hal_cortex.o
 .debug_line    0x0000000000009b91      0x592 ./Drivers/STM32F1xx_HAL_Driver/Src/stm32f1xx_hal_gpio.o
 .debug_line    0x000000000000a123      0x987 ./Drivers/STM32F1xx_HAL_Driver/Src/stm32f1xx_hal_rcc.o
 .debug_line    0x000000000000aaaa     0x17e3 ./Drivers/STM32F1xx_HAL_Driver/Src/stm32f1xx_hal_spi.o
 .debug_line    0x000000000000c28d     0x2ebb ./Drivers/STM32F1xx_HAL_Driver/Src/stm32f1xx_hal_tim.o
 .debug_line    0x000000000000f148     0x1445 ./Drivers/STM32F1xx_HAL_Driver/Src/stm32f1xx_hal_tim_ex.o
 .debug_line    0x000000000001058d     0x163b ./Drivers/STM32F1xx_HAL_Driver/Src/stm32f1xx_hal_uart.o

.debug_str      0x0000000000000000    0x11074
 .debug_str     0x0000000000000000     0x134a ./Core/Src/ac.o
                                       0x1497 (size before relaxing)
 .debug_str     0x000000000000134a      0x1b5 ./Core/Src/cwlibx.o
                                        0xb11 (size before relaxing)
 .debug_str     0x00000000000014ff      0x4d2 ./Core/Src/main.o
                                       0x1081 (size before relaxing)
 .debug_str     0x00000000000019d1       0xa2 ./Core/Src/s_monitor.o
                                        0xa4d (size before relaxing)
 .debug_str     0x0000000000001a73       0xf1 ./Core/Src/stm32f1xx_hal_msp.o
                                        0xe22 (size before relaxing)
 .debug_str     0x0000000000001b64      0x125 ./Core/Src/stm32f1xx_it.o
                                        0x78d (size before relaxing)
 .debug_str     0x0000000000001c89       0x7d ./Core/Src/sysmem.o
                                        0x21f (size before relaxing)
 .debug_str     0x0000000000001d06       0x7e ./Core/Src/system_stm32f1xx.o
                                        0x25b (size before relaxing)
 .debug_str     0x0000000000001d84       0xab ./Core/Src/csrc/u8g2_bitmap.o
                                        0x946 (size before relaxing)
 .debug_str     0x0000000000001e2f       0x8a ./Core/Src/csrc/u8g2_box.o