../Core/Src/cwlibx.c:39:6:auto_line_wrap	16	static
../Core/Src/cwlibx.c:57:6:auto_scroll	16	static
../Core/Src/cwlibx.c:72:6:text_insertion_point	16	static
../Core/Src/cwlibx.c:125:6:inverse_text	16	static
../Core/Src/cwlibx.c:137:6:def_thick_v_bar	4	static
../Core/Src/cwlibx.c:147:6:def_thin_v_bar	4	static
../Core/Src/cwlibx.c:167:6:draw_v_bar_graph	24	static
../Core/Src/cwlibx.c:181:6:erase_v_bar_graph	24	static
../Core/Src/cwlibx.c:194:6:draw_h_bar_graph	24	static
../Core/Src/cwlibx.c:218:6:put_pixel	16	static
../Core/Src/cwlibx.c:230:6:erase_pixel	16	static
../Core/Src/cwlibx.c:253:6:lcd_soft_reset	8	static
../Core/Src/cwlibx.c:265:6:clear_display	8	static
../Core/Src/cwlibx.c:283:6:enable_backlight	16	static
../Core/Src/cwlibx.c:398:6:set_contrast	16	static
../Core/Src/cwlibx.c:416:6:disp_splash	16	static
../Core/Src/cwlibx.c:436:6:str_warper	24	static
../Core/Src/cwlibx.c:451:6:lcd_print	64	static
